<html>
<body>
<pre>
<h1>µVision Build Log</h1>
<h2>Tool Versions:</h2>
IDE-Version: ¦ÌVision V5.23.0.0
Copyright (C) 2017 ARM Ltd and ARM Germany GmbH. All rights reserved.
License Information: 11 1, 1, LIC=9N0X7-E32ZV-LT43E-54TAG-2XWRM-79U96
 
Tool Versions:
Toolchain:       MDK-ARM Professional  Version: 5.23
Toolchain Path:  D:\software\mdk523\ARM\ARMCC\Bin
C Compiler:      Armcc.exe V5.06 update 4 (build 422)
Assembler:       Armasm.exe V5.06 update 4 (build 422)
Linker/Locator:  ArmLink.exe V5.06 update 4 (build 422)
Library Manager: ArmAr.exe V5.06 update 4 (build 422)
Hex Converter:   FromElf.exe V5.06 update 4 (build 422)
CPU DLL:         SARMCM3.DLL V5.23
Dialog DLL:      DCM.DLL V1.15.0.0
Target DLL:      STLink\ST-LINKIII-KEIL_SWO.dll V2.0.18.0
Dialog DLL:      TCM.DLL V1.27.0.0
 
<h2>Project:</h2>
C:\Users\ThinkPad\Desktop\my_lwip\USER\lwip.uvprojx
Project File Date:  03/31/2018

<h2>Output:</h2>
*** Using Compiler 'V5.06 update 4 (build 422)', folder: 'D:\software\mdk523\ARM\ARMCC\Bin'
Rebuild target 'LWIP'
compiling system_stm32f4xx.c...
compiling main.c...
compiling stm32f4xx_it.c...
compiling lwipdemo.c...
compiling led.c...
compiling enc28j60.c...
compiling spi.c...
compiling mysys.c...
compiling delay.c...
compiling usart.c...
assembling startup_stm32f40_41xxx.s...
compiling misc.c...
compiling stm32f4xx_gpio.c...
compiling stm32f4xx_rcc.c...
compiling stm32f4xx_syscfg.c...
compiling stm32f4xx_exti.c...
compiling stm32f4xx_usart.c...
compiling sys_arch.c...
compiling def.c...
compiling stm32f4xx_fsmc.c...
compiling dhcp.c...
compiling dns.c...
compiling init.c...
compiling mem.c...
compiling stm32f4xx_spi.c...
compiling memp.c...
compiling netif.c...
compiling stats.c...
compiling raw.c...
compiling pbuf.c...
compiling sys.c...
compiling tcp.c...
compiling tcp_out.c...
compiling tcp_in.c...
compiling timers.c...
compiling autoip.c...
compiling udp.c...
compiling igmp.c...
compiling icmp.c...
compiling inet.c...
compiling inet_chksum.c...
compiling ip_addr.c...
compiling ip.c...
compiling ip_frag.c...
compiling etharp.c...
compiling loopif.c...
compiling slipif.c...
compiling ethernetif.c...
..\lwip-1.4.1\src\netif\ethernetif.c(177): warning:  #177-D: variable "ethernetif"  was declared but never referenced
    struct ethernetif *ethernetif = netif->state;
..\lwip-1.4.1\src\netif\ethernetif.c: 1 warning, 0 errors
linking...
Program Size: Code=44342 RO-data=882 RW-data=188 ZI-data=55620  
FromELF: creating hex file...
"..\OBJ\LED.axf" - 0 Error(s), 1 Warning(s).

<h2>Collection of Component include folders:</h2>
  .\RTE\_LWIP
  D:\software\mdk523\ARM\PACK\Keil\STM32F4xx_DFP\2.11.0\Drivers\CMSIS\Device\ST\STM32F4xx\Include

<h2>Collection of Component Files used:</h2>
Build Time Elapsed:  00:00:13
</pre>
</body>
</html>
