Component: ARM Compiler 5.06 update 4 (build 422) Tool: armlink [4d35d2]

==============================================================================

Section Cross References

    main.o(i.main) refers to misc.o(i.NVIC_PriorityGroupConfig) for NVIC_PriorityGroupConfig
    main.o(i.main) refers to usart.o(i.uart_init) for uart_init
    main.o(i.main) refers to noretval__2printf.o(.text) for __2printf
    main.o(i.main) refers to spi.o(i.SPI1_Init) for SPI1_Init
    main.o(i.main) refers to spi.o(i.SPI1_SetSpeed) for SPI1_SetSpeed
    main.o(i.main) refers to enc28j60.o(i.enc28j60WriteOp) for enc28j60WriteOp
    main.o(i.main) refers to enc28j60.o(i.enc28j60Read) for enc28j60Read
    main.o(i.main) refers to lwipdemo.o(i.lwip_demo) for lwip_demo
    stm32f4xx_it.o(i.SysTick_Handler) refers to main.o(.data) for system_tick_num
    system_stm32f4xx.o(i.SystemCoreClockUpdate) refers to system_stm32f4xx.o(.data) for SystemCoreClock
    system_stm32f4xx.o(i.SystemInit) refers to system_stm32f4xx.o(i.SetSysClock) for SetSysClock
    lwipdemo.o(i.http_accept) refers to tcp.o(i.tcp_recv) for tcp_recv
    lwipdemo.o(i.http_accept) refers to lwipdemo.o(i.http_recv) for http_recv
    lwipdemo.o(i.http_recv) refers to tcp.o(i.tcp_recved) for tcp_recved
    lwipdemo.o(i.http_recv) refers to tcp_out.o(i.tcp_write) for tcp_write
    lwipdemo.o(i.http_recv) refers to lwipdemo.o(i.tcp_send_pbuf_data_out) for tcp_send_pbuf_data_out
    lwipdemo.o(i.http_recv) refers to pbuf.o(i.pbuf_free) for pbuf_free
    lwipdemo.o(i.http_recv) refers to tcp.o(i.tcp_close) for tcp_close
    lwipdemo.o(i.lwip_demo) refers to lwipdemo.o(i.lwip_init_task) for lwip_init_task
    lwipdemo.o(i.lwip_demo) refers to lwipdemo.o(i.tcpserver_init) for tcpserver_init
    lwipdemo.o(i.lwip_demo) refers to ethernetif.o(i.process_mac) for process_mac
    lwipdemo.o(i.lwip_demo) refers to timers.o(i.sys_check_timeouts) for sys_check_timeouts
    lwipdemo.o(i.lwip_init_task) refers to init.o(i.lwip_init) for lwip_init
    lwipdemo.o(i.lwip_init_task) refers to netif.o(i.netif_add) for netif_add
    lwipdemo.o(i.lwip_init_task) refers to netif.o(i.netif_set_default) for netif_set_default
    lwipdemo.o(i.lwip_init_task) refers to netif.o(i.netif_set_up) for netif_set_up
    lwipdemo.o(i.lwip_init_task) refers to etharp.o(i.ethernet_input) for ethernet_input
    lwipdemo.o(i.lwip_init_task) refers to ethernetif.o(i.ethernetif_init) for ethernetif_init
    lwipdemo.o(i.lwip_init_task) refers to lwipdemo.o(.bss) for enc28j60_netif
    lwipdemo.o(i.tcp_send_pbuf_data_out) refers to tcp_out.o(i.tcp_write) for tcp_write
    lwipdemo.o(i.tcpserver_init) refers to tcp.o(i.tcp_new) for tcp_new
    lwipdemo.o(i.tcpserver_init) refers to tcp.o(i.tcp_bind) for tcp_bind
    lwipdemo.o(i.tcpserver_init) refers to tcp.o(i.tcp_listen_with_backlog) for tcp_listen_with_backlog
    lwipdemo.o(i.tcpserver_init) refers to tcp.o(i.tcp_accept) for tcp_accept
    lwipdemo.o(i.tcpserver_init) refers to ip_addr.o(.constdata) for ip_addr_any
    lwipdemo.o(i.tcpserver_init) refers to lwipdemo.o(i.http_accept) for http_accept
    led.o(i.LED_Init) refers to stm32f4xx_rcc.o(i.RCC_AHB1PeriphClockCmd) for RCC_AHB1PeriphClockCmd
    led.o(i.LED_Init) refers to stm32f4xx_gpio.o(i.GPIO_Init) for GPIO_Init
    led.o(i.LED_Init) refers to stm32f4xx_gpio.o(i.GPIO_SetBits) for GPIO_SetBits
    enc28j60.o(i.enc28j60Init) refers to _printf_percent.o(.ARM.Collect$$_printf_percent$$00000000) for _printf_percent
    enc28j60.o(i.enc28j60Init) refers to _printf_x.o(.ARM.Collect$$_printf_percent$$0000000C) for _printf_x
    enc28j60.o(i.enc28j60Init) refers to _printf_hex_int.o(.text) for _printf_longlong_hex
    enc28j60.o(i.enc28j60Init) refers to enc28j60.o(i.enc28j60WriteOp) for enc28j60WriteOp
    enc28j60.o(i.enc28j60Init) refers to enc28j60.o(i.enc28j60Read) for enc28j60Read
    enc28j60.o(i.enc28j60Init) refers to enc28j60.o(i.enc28j60Write) for enc28j60Write
    enc28j60.o(i.enc28j60Init) refers to noretval__2printf.o(.text) for __2printf
    enc28j60.o(i.enc28j60Init) refers to enc28j60.o(i.enc28j60PhyWrite) for enc28j60PhyWrite
    enc28j60.o(i.enc28j60Init) refers to enc28j60.o(i.enc28j60SetBank) for enc28j60SetBank
    enc28j60.o(i.enc28j60Init) refers to enc28j60.o(.data) for NextPacketPtr
    enc28j60.o(i.enc28j60PacketReceive) refers to enc28j60.o(i.enc28j60Read) for enc28j60Read
    enc28j60.o(i.enc28j60PacketReceive) refers to enc28j60.o(i.enc28j60Write) for enc28j60Write
    enc28j60.o(i.enc28j60PacketReceive) refers to enc28j60.o(i.enc28j60ReadOp) for enc28j60ReadOp
    enc28j60.o(i.enc28j60PacketReceive) refers to enc28j60.o(i.enc28j60ReadBuffer) for enc28j60ReadBuffer
    enc28j60.o(i.enc28j60PacketReceive) refers to enc28j60.o(i.enc28j60WriteOp) for enc28j60WriteOp
    enc28j60.o(i.enc28j60PacketReceive) refers to enc28j60.o(.data) for NextPacketPtr
    enc28j60.o(i.enc28j60PacketSend) refers to enc28j60.o(i.enc28j60Read) for enc28j60Read
[...]
    i.tcp_bind                               0x080064fc   Section        0  tcp.o(i.tcp_bind)
    i.tcp_close                              0x0800661c   Section        0  tcp.o(i.tcp_close)
    i.tcp_close_shutdown                     0x08006638   Section        0  tcp.o(i.tcp_close_shutdown)
    tcp_close_shutdown                       0x08006639   Thumb Code   454  tcp.o(i.tcp_close_shutdown)
    i.tcp_create_segment                     0x08006880   Section        0  tcp_out.o(i.tcp_create_segment)
    tcp_create_segment                       0x08006881   Thumb Code   188  tcp_out.o(i.tcp_create_segment)
    i.tcp_eff_send_mss                       0x08006940   Section        0  tcp.o(i.tcp_eff_send_mss)
    i.tcp_enqueue_flags                      0x08006970   Section        0  tcp_out.o(i.tcp_enqueue_flags)
    i.tcp_fasttmr                            0x08006c3c   Section        0  tcp.o(i.tcp_fasttmr)
    i.tcp_init                               0x08006cb8   Section        0  tcp.o(i.tcp_init)
    i.tcp_input                              0x08006cbc   Section        0  tcp_in.o(i.tcp_input)
    i.tcp_keepalive                          0x08007408   Section        0  tcp_out.o(i.tcp_keepalive)
    i.tcp_kill_prio                          0x08007470   Section        0  tcp.o(i.tcp_kill_prio)
    tcp_kill_prio                            0x08007471   Thumb Code    76  tcp.o(i.tcp_kill_prio)
    i.tcp_kill_timewait                      0x080074c4   Section        0  tcp.o(i.tcp_kill_timewait)
    tcp_kill_timewait                        0x080074c5   Thumb Code    50  tcp.o(i.tcp_kill_timewait)
    i.tcp_listen_input                       0x08007500   Section        0  tcp_in.o(i.tcp_listen_input)
    tcp_listen_input                         0x08007501   Thumb Code   284  tcp_in.o(i.tcp_listen_input)
    i.tcp_listen_with_backlog                0x08007644   Section        0  tcp.o(i.tcp_listen_with_backlog)
    i.tcp_new                                0x080077a0   Section        0  tcp.o(i.tcp_new)
    i.tcp_new_port                           0x080077ac   Section        0  tcp.o(i.tcp_new_port)
    tcp_new_port                             0x080077ad   Thumb Code    96  tcp.o(i.tcp_new_port)
    i.tcp_next_iss                           0x08007814   Section        0  tcp.o(i.tcp_next_iss)
    i.tcp_oos_insert_segment                 0x08007830   Section        0  tcp_in.o(i.tcp_oos_insert_segment)
    tcp_oos_insert_segment                   0x08007831   Thumb Code   138  tcp_in.o(i.tcp_oos_insert_segment)
    i.tcp_output                             0x080078c0   Section        0  tcp_out.o(i.tcp_output)
    i.tcp_output_alloc_header                0x08007b40   Section        0  tcp_out.o(i.tcp_output_alloc_header)
    tcp_output_alloc_header                  0x08007b41   Thumb Code   148  tcp_out.o(i.tcp_output_alloc_header)
    i.tcp_output_segment                     0x08007c54   Section        0  tcp_out.o(i.tcp_output_segment)
    tcp_output_segment                       0x08007c55   Thumb Code   238  tcp_out.o(i.tcp_output_segment)
    i.tcp_parseopt                           0x08007d4c   Section        0  tcp_in.o(i.tcp_parseopt)
    tcp_parseopt                             0x08007d4d   Thumb Code   176  tcp_in.o(i.tcp_parseopt)
    i.tcp_pbuf_prealloc                      0x08007e00   Section        0  tcp_out.o(i.tcp_pbuf_prealloc)
    tcp_pbuf_prealloc                        0x08007e01   Thumb Code   142  tcp_out.o(i.tcp_pbuf_prealloc)
    i.tcp_pcb_purge                          0x08007ef4   Section        0  tcp.o(i.tcp_pcb_purge)
    i.tcp_pcb_remove                         0x08007f3c   Section        0  tcp.o(i.tcp_pcb_remove)
    i.tcp_process                            0x080080ac   Section        0  tcp_in.o(i.tcp_process)
    tcp_process                              0x080080ad   Thumb Code  1614  tcp_in.o(i.tcp_process)
    i.tcp_process_refused_data               0x08008718   Section        0  tcp.o(i.tcp_process_refused_data)
    i.tcp_receive                            0x080087a8   Section        0  tcp_in.o(i.tcp_receive)
    tcp_receive                              0x080087a9   Thumb Code  3448  tcp_in.o(i.tcp_receive)
    i.tcp_recv                               0x08009520   Section        0  tcp.o(i.tcp_recv)
    i.tcp_recv_null                          0x080095bc   Section        0  tcp.o(i.tcp_recv_null)
    i.tcp_recved                             0x080095ec   Section        0  tcp.o(i.tcp_recved)
    i.tcp_rexmit                             0x08009700   Section        0  tcp_out.o(i.tcp_rexmit)
    i.tcp_rexmit_fast                        0x0800975a   Section        0  tcp_out.o(i.tcp_rexmit_fast)
    i.tcp_rexmit_rto                         0x080097ca   Section        0  tcp_out.o(i.tcp_rexmit_rto)
    i.tcp_rst                                0x08009804   Section        0  tcp_out.o(i.tcp_rst)
    i.tcp_seg_copy                           0x0800993c   Section        0  tcp.o(i.tcp_seg_copy)
    i.tcp_seg_free                           0x08009960   Section        0  tcp.o(i.tcp_seg_free)
    i.tcp_segs_free                          0x0800997a   Section        0  tcp.o(i.tcp_segs_free)
    i.tcp_send_empty_ack                     0x08009992   Section        0  tcp_out.o(i.tcp_send_empty_ack)
    i.tcp_send_fin                           0x080099f2   Section        0  tcp_out.o(i.tcp_send_fin)
    i.tcp_send_pbuf_data_out                 0x08009a3c   Section        0  lwipdemo.o(i.tcp_send_pbuf_data_out)
    i.tcp_slowtmr                            0x08009a60   Section        0  tcp.o(i.tcp_slowtmr)
    i.tcp_timer_needed                       0x0800a040   Section        0  timers.o(i.tcp_timer_needed)
    i.tcp_timewait_input                     0x0800a078   Section        0  tcp_in.o(i.tcp_timewait_input)
    tcp_timewait_input                       0x0800a079   Thumb Code   140  tcp_in.o(i.tcp_timewait_input)
    i.tcp_tmr                                0x0800a124   Section        0  tcp.o(i.tcp_tmr)
    i.tcp_update_rcv_ann_wnd                 0x0800a148   Section        0  tcp.o(i.tcp_update_rcv_ann_wnd)
    i.tcp_write                              0x0800a218   Section        0  tcp_out.o(i.tcp_write)
    i.tcp_write_checks                       0x0800a864   Section        0  tcp_out.o(i.tcp_write_checks)
    tcp_write_checks                         0x0800a865   Thumb Code   188  tcp_out.o(i.tcp_write_checks)
    i.tcp_zero_window_probe                  0x0800a9e4   Section        0  tcp_out.o(i.tcp_zero_window_probe)
    i.tcpip_tcp_timer                        0x0800aaac   Section        0  timers.o(i.tcpip_tcp_timer)
    tcpip_tcp_timer                          0x0800aaad   Thumb Code    40  timers.o(i.tcpip_tcp_timer)
    i.tcpserver_init                         0x0800aae4   Section        0  lwipdemo.o(i.tcpserver_init)
    i.uart_init                              0x0800ab14   Section        0  usart.o(i.uart_init)
    i.udp_init                               0x0800abc8   Section        0  udp.o(i.udp_init)
    i.udp_input                              0x0800abcc   Section        0  udp.o(i.udp_input)
    x$fpl$fpinit                             0x0800aeb4   Section       10  fpinit.o(x$fpl$fpinit)
    $v0                                      0x0800aeb4   Number         0  fpinit.o(x$fpl$fpinit)
    .constdata                               0x0800aebe   Section       40  memp.o(.constdata)
    memp_sizes                               0x0800aebe   Data          20  memp.o(.constdata)
    memp_num                                 0x0800aed2   Data          20  memp.o(.constdata)
    .constdata                               0x0800aee8   Section       80  tcp.o(.constdata)
    .constdata                               0x0800af38   Section        8  ip_addr.o(.constdata)
    .constdata                               0x0800af40   Section       12  etharp.o(.constdata)
    .constdata                               0x0800af4c   Section       40  _printf_hex_int.o(.constdata)
    uc_hextab                                0x0800af4c   Data          20  _printf_hex_int.o(.constdata)
    lc_hextab                                0x0800af60   Data          20  _printf_hex_int.o(.constdata)
    .conststring                             0x0800af74   Section      117  tcp.o(.conststring)
    .conststring                             0x0800afec   Section       85  tcp_out.o(.conststring)
    .conststring                             0x0800b044   Section       68  etharp.o(.conststring)
    .data                                    0x20000000   Section        4  main.o(.data)
    .data                                    0x20000004   Section        8  enc28j60.o(.data)
    Enc28j60Bank                             0x20000004   Data           1  enc28j60.o(.data)
    NextPacketPtr                            0x20000008   Data           4  enc28j60.o(.data)
    .data                                    0x2000000c   Section        6  usart.o(.data)
    .data                                    0x20000012   Section       16  stm32f4xx_rcc.o(.data)
    APBAHBPrescTable                         0x20000012   Data          16  stm32f4xx_rcc.o(.data)
    .data                                    0x20000024   Section       12  mem.o(.data)
    ram                                      0x20000024   Data           4  mem.o(.data)
    ram_end                                  0x20000028   Data           4  mem.o(.data)
    lfree                                    0x2000002c   Data           4  mem.o(.data)
    .data                                    0x20000030   Section        9  netif.o(.data)
    netif_num                                0x20000038   Data           1  netif.o(.data)
    .data                                    0x20000039   Section        1  pbuf.o(.data)
    .data                                    0x2000003c   Section        4  raw.o(.data)
    raw_pcbs                                 0x2000003c   Data           4  raw.o(.data)
    .data                                    0x20000040   Section       36  tcp.o(.data)
    tcp_port                                 0x20000040   Data           2  tcp.o(.data)
    tcp_timer                                0x2000005d   Data           1  tcp.o(.data)
    tcp_timer_ctr                            0x2000005e   Data           1  tcp.o(.data)
    iss                                      0x20000060   Data           4  tcp.o(.data)
    .data                                    0x20000064   Section       32  tcp_in.o(.data)
    tcphdr                                   0x20000064   Data           4  tcp_in.o(.data)
    iphdr                                    0x20000068   Data           4  tcp_in.o(.data)
    seqno                                    0x2000006c   Data           4  tcp_in.o(.data)
    ackno                                    0x20000070   Data           4  tcp_in.o(.data)
    flags                                    0x20000074   Data           1  tcp_in.o(.data)
    tcplen                                   0x20000076   Data           2  tcp_in.o(.data)
    recv_flags                               0x20000078   Data           1  tcp_in.o(.data)
    recv_data                                0x2000007c   Data           4  tcp_in.o(.data)
    .data                                    0x20000084   Section       12  timers.o(.data)
    next_timeout                             0x20000084   Data           4  timers.o(.data)
    timeouts_last_time                       0x20000088   Data           4  timers.o(.data)
    tcpip_tcp_timer_active                   0x2000008c   Data           4  timers.o(.data)
    .data                                    0x20000090   Section        8  udp.o(.data)
    udp_port                                 0x20000090   Data           2  udp.o(.data)
    .data                                    0x20000098   Section       18  ip.o(.data)
    ip_id                                    0x200000a8   Data           2  ip.o(.data)
    .data                                    0x200000ac   Section        6  ip_frag.o(.data)
    reassdatagrams                           0x200000ac   Data           4  ip_frag.o(.data)
    ip_reass_pbufcount                       0x200000b0   Data           2  ip_frag.o(.data)
    .data                                    0x200000b2   Section        1  etharp.o(.data)
    etharp_cached_entry                      0x200000b2   Data           1  etharp.o(.data)
    .data                                    0x200000b3   Section        6  ethernetif.o(.data)
    MyMacID                                  0x200000b3   Data           6  ethernetif.o(.data)
    .bss                                     0x200000bc   Section       48  lwipdemo.o(.bss)
    .bss                                     0x200000ec   Section      200  usart.o(.bss)
    .bss                                     0x200001b4   Section    30740  mem.o(.bss)
    .bss                                     0x200079c8   Section    19499  memp.o(.bss)
    memp_tab                                 0x200079c8   Data          40  memp.o(.bss)
    memp_memory                              0x200079f0   Data       19459  memp.o(.bss)
    .bss                                     0x2000c5f4   Section      278  stats.o(.bss)
    .bss                                     0x2000c70c   Section       16  tcp_in.o(.bss)
    inseg                                    0x2000c70c   Data          16  tcp_in.o(.bss)
    .bss                                     0x2000c71c   Section      200  etharp.o(.bss)
    arp_table                                0x2000c71c   Data         200  etharp.o(.bss)
    .bss                                     0x2000c7e4   Section     3000  ethernetif.o(.bss)
    MySendbuf                                0x2000c7e4   Data        1500  ethernetif.o(.bss)
    MyRecvbuf                                0x2000cdc0   Data        1500  ethernetif.o(.bss)
    .bss                                     0x2000d39c   Section       96  libspace.o(.bss)
    HEAP                                     0x2000d400   Section      512  startup_stm32f40_41xxx.o(HEAP)
    Heap_Mem                                 0x2000d400   Data         512  startup_stm32f40_41xxx.o(HEAP)
    STACK                                    0x2000d600   Section     1024  startup_stm32f40_41xxx.o(STACK)
    Stack_Mem                                0x2000d600   Data        1024  startup_stm32f40_41xxx.o(STACK)
    __initial_sp                             0x2000da00   Data           0  startup_stm32f40_41xxx.o(STACK)

    Global Symbols

    Symbol Name                              Value     Ov Type        Size  Object(Section)

    BuildAttributes$$THM_ISAv4$E$P$D$K$B$S$7EM$VFPi3$EXTD16$VFPS$VFMA$PE$A:L22UL41UL21$X:L11$S22US41US21$IEEE1$IW$USESV6$~STKCKD$USESV7$~SHL$OSPACE$ROPI$EBA8$UX$STANDARDLIB$REQ8$PRES8$EABIv2 0x00000000   Number         0  anon$$obj.o ABSOLUTE
    __ARM_use_no_argv                        0x00000000   Number         0  main.o ABSOLUTE
    _printf_flags                            0x00000000   Number         0  printf_stubs.o ABSOLUTE
    _printf_return_value                     0x00000000   Number         0  printf_stubs.o ABSOLUTE
    _printf_sizespec                         0x00000000   Number         0  printf_stubs.o ABSOLUTE
    _printf_widthprec                        0x00000000   Number         0  printf_stubs.o ABSOLUTE
    __ARM_exceptions_init                     - Undefined Weak Reference
    __alloca_initialize                       - Undefined Weak Reference
    __arm_preinit_                            - Undefined Weak Reference
    __cpp_initialize__aeabi_                  - Undefined Weak Reference
    __cxa_finalize                            - Undefined Weak Reference
    __rt_locale                               - Undefined Weak Reference
    __sigvec_lookup                           - Undefined Weak Reference
    _atexit_init                              - Undefined Weak Reference
    _call_atexit_fns                          - Undefined Weak Reference
    _clock_init                               - Undefined Weak Reference
    _fp_trap_init                             - Undefined Weak Reference
    _fp_trap_shutdown                         - Undefined Weak Reference
    _get_lc_collate                           - Undefined Weak Reference
    _get_lc_ctype                             - Undefined Weak Reference
    _get_lc_monetary                          - Undefined Weak Reference
    _get_lc_numeric                           - Undefined Weak Reference
    _get_lc_time                              - Undefined Weak Reference
    _getenv_init                              - Undefined Weak Reference
    _handle_redirection                       - Undefined Weak Reference
    _init_alloc                               - Undefined Weak Reference
    _init_user_alloc                          - Undefined Weak Reference
    _initio                                   - Undefined Weak Reference
    _mutex_acquire                            - Undefined Weak Reference
    _mutex_release                            - Undefined Weak Reference
    _printf_mbtowc                            - Undefined Weak Reference
    _printf_truncate_signed                   - Undefined Weak Reference
    _printf_truncate_unsigned                 - Undefined Weak Reference
    _rand_init                                - Undefined Weak Reference
    _signal_finish                            - Undefined Weak Reference
    _signal_init                              - Undefined Weak Reference
    _terminate_alloc                          - Undefined Weak Reference
    _terminate_user_alloc                     - Undefined Weak Reference
    _terminateio                              - Undefined Weak Reference
    __Vectors_Size                           0x00000188   Number         0  startup_stm32f40_41xxx.o ABSOLUTE
    __Vectors                                0x08000000   Data           4  startup_stm32f40_41xxx.o(RESET)
    __Vectors_End                            0x08000188   Data           0  startup_stm32f40_41xxx.o(RESET)
    __main                                   0x08000189   Thumb Code     8  __main.o(!!!main)
    __scatterload                            0x08000191   Thumb Code     0  __scatter.o(!!!scatter)
    __scatterload_rt2                        0x08000191   Thumb Code    44  __scatter.o(!!!scatter)
    __scatterload_rt2_thumb_only             0x08000191   Thumb Code     0  __scatter.o(!!!scatter)
    __scatterload_null                       0x0800019f   Thumb Code     0  __scatter.o(!!!scatter)
    __scatterload_copy                       0x080001c5   Thumb Code    26  __scatter_copy.o(!!handler_copy)
    __scatterload_zeroinit                   0x080001e1   Thumb Code    28  __scatter_zi.o(!!handler_zi)
    _printf_d                                0x080001fd   Thumb Code     0  _printf_d.o(.ARM.Collect$$_printf_percent$$00000009)
    _printf_percent                          0x080001fd   Thumb Code     0  _printf_percent.o(.ARM.Collect$$_printf_percent$$00000000)
    _printf_x                                0x08000203   Thumb Code     0  _printf_x.o(.ARM.Collect$$_printf_percent$$0000000C)
    _printf_s                                0x08000209   Thumb Code     0  _printf_s.o(.ARM.Collect$$_printf_percent$$00000014)
    _printf_percent_end                      0x0800020f   Thumb Code     0  _printf_percent_end.o(.ARM.Collect$$_printf_percent$$00000017)
    __rt_lib_init                            0x08000213   Thumb Code     0  libinit.o(.ARM.Collect$$libinit$$00000000)
    __rt_lib_init_fp_1                       0x08000215   Thumb Code     0  libinit2.o(.ARM.Collect$$libinit$$00000001)
    __rt_lib_init_alloca_1                   0x08000219   Thumb Code     0  libinit2.o(.ARM.Collect$$libinit$$0000002E)
    __rt_lib_init_argv_1                     0x08000219   Thumb Code     0  libinit2.o(.ARM.Collect$$libinit$$0000002C)
    __rt_lib_init_atexit_1                   0x08000219   Thumb Code     0  libinit2.o(.ARM.Collect$$libinit$$0000001B)
    __rt_lib_init_clock_1                    0x08000219   Thumb Code     0  libinit2.o(.ARM.Collect$$libinit$$00000021)
    __rt_lib_init_cpp_1                      0x08000219   Thumb Code     0  libinit2.o(.ARM.Collect$$libinit$$00000032)
    __rt_lib_init_exceptions_1               0x08000219   Thumb Code     0  libinit2.o(.ARM.Collect$$libinit$$00000030)
    __rt_lib_init_fp_trap_1                  0x08000219   Thumb Code     0  libinit2.o(.ARM.Collect$$libinit$$0000001F)
    __rt_lib_init_getenv_1                   0x08000219   Thumb Code     0  libinit2.o(.ARM.Collect$$libinit$$00000023)
    __rt_lib_init_heap_1                     0x08000219   Thumb Code     0  libinit2.o(.ARM.Collect$$libinit$$0000000A)
    __rt_lib_init_lc_collate_1               0x08000219   Thumb Code     0  libinit2.o(.ARM.Collect$$libinit$$00000011)
    __rt_lib_init_lc_ctype_1                 0x08000219   Thumb Code     0  libinit2.o(.ARM.Collect$$libinit$$00000013)
    __rt_lib_init_lc_monetary_1              0x08000219   Thumb Code     0  libinit2.o(.ARM.Collect$$libinit$$00000015)
    __rt_lib_init_lc_numeric_1               0x08000219   Thumb Code     0  libinit2.o(.ARM.Collect$$libinit$$00000017)
    __rt_lib_init_lc_time_1                  0x08000219   Thumb Code     0  libinit2.o(.ARM.Collect$$libinit$$00000019)
    __rt_lib_init_preinit_1                  0x08000219   Thumb Code     0  libinit2.o(.ARM.Collect$$libinit$$00000004)
    __rt_lib_init_rand_1                     0x08000219   Thumb Code     0  libinit2.o(.ARM.Collect$$libinit$$0000000E)
    __rt_lib_init_return                     0x08000219   Thumb Code     0  libinit2.o(.ARM.Collect$$libinit$$00000033)
    __rt_lib_init_signal_1                   0x08000219   Thumb Code     0  libinit2.o(.ARM.Collect$$libinit$$0000001D)
    __rt_lib_init_stdio_1                    0x08000219   Thumb Code     0  libinit2.o(.ARM.Collect$$libinit$$00000025)
    __rt_lib_init_user_alloc_1               0x08000219   Thumb Code     0  libinit2.o(.ARM.Collect$$libinit$$0000000C)
    __rt_lib_shutdown                        0x0800021b   Thumb Code     0  libshutdown.o(.ARM.Collect$$libshutdown$$00000000)
    __rt_lib_shutdown_cpp_1                  0x0800021d   Thumb Code     0  libshutdown2.o(.ARM.Collect$$libshutdown$$00000002)
    __rt_lib_shutdown_fp_trap_1              0x0800021d   Thumb Code     0  libshutdown2.o(.ARM.Collect$$libshutdown$$00000007)
    __rt_lib_shutdown_heap_1                 0x0800021d   Thumb Code     0  libshutdown2.o(.ARM.Collect$$libshutdown$$0000000F)
    __rt_lib_shutdown_return                 0x0800021d   Thumb Code     0  libshutdown2.o(.ARM.Collect$$libshutdown$$00000010)
    __rt_lib_shutdown_signal_1               0x0800021d   Thumb Code     0  libshutdown2.o(.ARM.Collect$$libshutdown$$0000000A)
    __rt_lib_shutdown_stdio_1                0x0800021d   Thumb Code     0  libshutdown2.o(.ARM.Collect$$libshutdown$$00000004)
    __rt_lib_shutdown_user_alloc_1           0x0800021d   Thumb Code     0  libshutdown2.o(.ARM.Collect$$libshutdown$$0000000C)
    __rt_entry                               0x0800021f   Thumb Code     0  __rtentry.o(.ARM.Collect$$rtentry$$00000000)
    __rt_entry_presh_1                       0x0800021f   Thumb Code     0  __rtentry2.o(.ARM.Collect$$rtentry$$00000002)
    __rt_entry_sh                            0x0800021f   Thumb Code     0  __rtentry4.o(.ARM.Collect$$rtentry$$00000004)
    __rt_entry_li                            0x08000225   Thumb Code     0  __rtentry2.o(.ARM.Collect$$rtentry$$0000000A)
    __rt_entry_postsh_1                      0x08000225   Thumb Code     0  __rtentry2.o(.ARM.Collect$$rtentry$$00000009)
    __rt_entry_main                          0x08000229   Thumb Code     0  __rtentry2.o(.ARM.Collect$$rtentry$$0000000D)
    __rt_entry_postli_1                      0x08000229   Thumb Code     0  __rtentry2.o(.ARM.Collect$$rtentry$$0000000C)
    __rt_exit                                0x08000231   Thumb Code     0  rtexit.o(.ARM.Collect$$rtexit$$00000000)
    __rt_exit_ls                             0x08000233   Thumb Code     0  rtexit2.o(.ARM.Collect$$rtexit$$00000003)
    __rt_exit_prels_1                        0x08000233   Thumb Code     0  rtexit2.o(.ARM.Collect$$rtexit$$00000002)
    __rt_exit_exit                           0x08000237   Thumb Code     0  rtexit2.o(.ARM.Collect$$rtexit$$00000004)
    Reset_Handler                            0x0800023d   Thumb Code     8  startup_stm32f40_41xxx.o(.text)
    ADC_IRQHandler                           0x08000257   Thumb Code     0  startup_stm32f40_41xxx.o(.text)
    CAN1_RX0_IRQHandler                      0x08000257   Thumb Code     0  startup_stm32f40_41xxx.o(.text)
    CAN1_RX1_IRQHandler                      0x08000257   Thumb Code     0  startup_stm32f40_41xxx.o(.text)
    CAN1_SCE_IRQHandler                      0x08000257   Thumb Code     0  startup_stm32f40_41xxx.o(.text)
    CAN1_TX_IRQHandler                       0x08000257   Thumb Code     0  startup_stm32f40_41xxx.o(.text)
    CAN2_RX0_IRQHandler                      0x08000257   Thumb Code     0  startup_stm32f40_41xxx.o(.text)
    CAN2_RX1_IRQHandler                      0x08000257   Thumb Code     0  startup_stm32f40_41xxx.o(.text)
    CAN2_SCE_IRQHandler                      0x08000257   Thumb Code     0  startup_stm32f40_41xxx.o(.text)
    CAN2_TX_IRQHandler                       0x08000257   Thumb Code     0  startup_stm32f40_41xxx.o(.text)
    CRYP_IRQHandler                          0x08000257   Thumb Code     0  startup_stm32f40_41xxx.o(.text)
    DCMI_IRQHandler                          0x08000257   Thumb Code     0  startup_stm32f40_41xxx.o(.text)
    DMA1_Stream0_IRQHandler                  0x08000257   Thumb Code     0  startup_stm32f40_41xxx.o(.text)
    DMA1_Stream1_IRQHandler                  0x08000257   Thumb Code     0  startup_stm32f40_41xxx.o(.text)
    DMA1_Stream2_IRQHandler                  0x08000257   Thumb Code     0  startup_stm32f40_41xxx.o(.text)
    DMA1_Stream3_IRQHandler                  0x08000257   Thumb Code     0  startup_stm32f40_41xxx.o(.text)
    DMA1_Stream4_IRQHandler                  0x08000257   Thumb Code     0  startup_stm32f40_41xxx.o(.text)
    DMA1_Stream5_IRQHandler                  0x08000257   Thumb Code     0  startup_stm32f40_41xxx.o(.text)
    DMA1_Stream6_IRQHandler                  0x08000257   Thumb Code     0  startup_stm32f40_41xxx.o(.text)
    DMA1_Stream7_IRQHandler                  0x08000257   Thumb Code     0  startup_stm32f40_41xxx.o(.text)
    DMA2_Stream0_IRQHandler                  0x08000257   Thumb Code     0  startup_stm32f40_41xxx.o(.text)
    DMA2_Stream1_IRQHandler                  0x08000257   Thumb Code     0  startup_stm32f40_41xxx.o(.text)
    DMA2_Stream2_IRQHandler                  0x08000257   Thumb Code     0  startup_stm32f40_41xxx.o(.text)
    DMA2_Stream3_IRQHandler                  0x08000257   Thumb Code     0  startup_stm32f40_41xxx.o(.text)
    DMA2_Stream4_IRQHandler                  0x08000257   Thumb Code     0  startup_stm32f40_41xxx.o(.text)
    DMA2_Stream5_IRQHandler                  0x08000257   Thumb Code     0  startup_stm32f40_41xxx.o(.text)
    DMA2_Stream6_IRQHandler                  0x08000257   Thumb Code     0  startup_stm32f40_41xxx.o(.text)
    DMA2_Stream7_IRQHandler                  0x08000257   Thumb Code     0  startup_stm32f40_41xxx.o(.text)
    ETH_IRQHandler                           0x08000257   Thumb Code     0  startup_stm32f40_41xxx.o(.text)
    ETH_WKUP_IRQHandler                      0x08000257   Thumb Code     0  startup_stm32f40_41xxx.o(.text)
    EXTI0_IRQHandler                         0x08000257   Thumb Code     0  startup_stm32f40_41xxx.o(.text)
    EXTI15_10_IRQHandler                     0x08000257   Thumb Code     0  startup_stm32f40_41xxx.o(.text)
    EXTI1_IRQHandler                         0x08000257   Thumb Code     0  startup_stm32f40_41xxx.o(.text)
    EXTI2_IRQHandler                         0x08000257   Thumb Code     0  startup_stm32f40_41xxx.o(.text)
    EXTI3_IRQHandler                         0x08000257   Thumb Code     0  startup_stm32f40_41xxx.o(.text)
    EXTI4_IRQHandler                         0x08000257   Thumb Code     0  startup_stm32f40_41xxx.o(.text)
    EXTI9_5_IRQHandler                       0x08000257   Thumb Code     0  startup_stm32f40_41xxx.o(.text)
    FLASH_IRQHandler                         0x08000257   Thumb Code     0  startup_stm32f40_41xxx.o(.text)
    FPU_IRQHandler                           0x08000257   Thumb Code     0  startup_stm32f40_41xxx.o(.text)
    FSMC_IRQHandler                          0x08000257   Thumb Code     0  startup_stm32f40_41xxx.o(.text)
    HASH_RNG_IRQHandler                      0x08000257   Thumb Code     0  startup_stm32f40_41xxx.o(.text)
    I2C1_ER_IRQHandler                       0x08000257   Thumb Code     0  startup_stm32f40_41xxx.o(.text)
    I2C1_EV_IRQHandler                       0x08000257   Thumb Code     0  startup_stm32f40_41xxx.o(.text)
    I2C2_ER_IRQHandler                       0x08000257   Thumb Code     0  startup_stm32f40_41xxx.o(.text)
    I2C2_EV_IRQHandler                       0x08000257   Thumb Code     0  startup_stm32f40_41xxx.o(.text)
    I2C3_ER_IRQHandler                       0x08000257   Thumb Code     0  startup_stm32f40_41xxx.o(.text)
    I2C3_EV_IRQHandler                       0x08000257   Thumb Code     0  startup_stm32f40_41xxx.o(.text)
    OTG_FS_IRQHandler                        0x08000257   Thumb Code     0  startup_stm32f40_41xxx.o(.text)
    OTG_FS_WKUP_IRQHandler                   0x08000257   Thumb Code     0  startup_stm32f40_41xxx.o(.text)
    OTG_HS_EP1_IN_IRQHandler                 0x08000257   Thumb Code     0  startup_stm32f40_41xxx.o(.text)
    OTG_HS_EP1_OUT_IRQHandler                0x08000257   Thumb Code     0  startup_stm32f40_41xxx.o(.text)
    OTG_HS_IRQHandler                        0x08000257   Thumb Code     0  startup_stm32f40_41xxx.o(.text)
    OTG_HS_WKUP_IRQHandler                   0x08000257   Thumb Code     0  startup_stm32f40_41xxx.o(.text)
    PVD_IRQHandler                           0x08000257   Thumb Code     0  startup_stm32f40_41xxx.o(.text)
    RCC_IRQHandler                           0x08000257   Thumb Code     0  startup_stm32f40_41xxx.o(.text)
    RTC_Alarm_IRQHandler                     0x08000257   Thumb Code     0  startup_stm32f40_41xxx.o(.text)
    RTC_WKUP_IRQHandler                      0x08000257   Thumb Code     0  startup_stm32f40_41xxx.o(.text)
    SDIO_IRQHandler                          0x08000257   Thumb Code     0  startup_stm32f40_41xxx.o(.text)
    SPI1_IRQHandler                          0x08000257   Thumb Code     0  startup_stm32f40_41xxx.o(.text)
    SPI2_IRQHandler                          0x08000257   Thumb Code     0  startup_stm32f40_41xxx.o(.text)
    SPI3_IRQHandler                          0x08000257   Thumb Code     0  startup_stm32f40_41xxx.o(.text)
    TAMP_STAMP_IRQHandler                    0x08000257   Thumb Code     0  startup_stm32f40_41xxx.o(.text)
    TIM1_BRK_TIM9_IRQHandler                 0x08000257   Thumb Code     0  startup_stm32f40_41xxx.o(.text)
    TIM1_CC_IRQHandler                       0x08000257   Thumb Code     0  startup_stm32f40_41xxx.o(.text)
    TIM1_TRG_COM_TIM11_IRQHandler            0x08000257   Thumb Code     0  startup_stm32f40_41xxx.o(.text)
    TIM1_UP_TIM10_IRQHandler                 0x08000257   Thumb Code     0  startup_stm32f40_41xxx.o(.text)
    TIM2_IRQHandler                          0x08000257   Thumb Code     0  startup_stm32f40_41xxx.o(.text)
    TIM3_IRQHandler                          0x08000257   Thumb Code     0  startup_stm32f40_41xxx.o(.text)
    TIM4_IRQHandler                          0x08000257   Thumb Code     0  startup_stm32f40_41xxx.o(.text)
    TIM5_IRQHandler                          0x08000257   Thumb Code     0  startup_stm32f40_41xxx.o(.text)
    TIM6_DAC_IRQHandler                      0x08000257   Thumb Code     0  startup_stm32f40_41xxx.o(.text)
    TIM7_IRQHandler                          0x08000257   Thumb Code     0  startup_stm32f40_41xxx.o(.text)
    TIM8_BRK_TIM12_IRQHandler                0x08000257   Thumb Code     0  startup_stm32f40_41xxx.o(.text)
    TIM8_CC_IRQHandler                       0x08000257   Thumb Code     0  startup_stm32f40_41xxx.o(.text)
    TIM8_TRG_COM_TIM14_IRQHandler            0x08000257   Thumb Code     0  startup_stm32f40_41xxx.o(.text)
    TIM8_UP_TIM13_IRQHandler                 0x08000257   Thumb Code     0  startup_stm32f40_41xxx.o(.text)
    UART4_IRQHandler                         0x08000257   Thumb Code     0  startup_stm32f40_41xxx.o(.text)
    UART5_IRQHandler                         0x08000257   Thumb Code     0  startup_stm32f40_41xxx.o(.text)
    USART1_IRQHandler                        0x08000257   Thumb Code     0  startup_stm32f40_41xxx.o(.text)
    USART2_IRQHandler                        0x08000257   Thumb Code     0  startup_stm32f40_41xxx.o(.text)
    USART6_IRQHandler                        0x08000257   Thumb Code     0  startup_stm32f40_41xxx.o(.text)
    WWDG_IRQHandler                          0x08000257   Thumb Code     0  startup_stm32f40_41xxx.o(.text)
    __user_initial_stackheap                 0x08000259   Thumb Code     0  startup_stm32f40_41xxx.o(.text)
    __use_no_semihosting                     0x0800027d   Thumb Code     2  use_no_semi_2.o(.text)
    __2printf                                0x08000281   Thumb Code    20  noretval__2printf.o(.text)
    _printf_pre_padding                      0x08000299   Thumb Code    44  _printf_pad.o(.text)
    _printf_post_padding                     0x080002c5   Thumb Code    34  _printf_pad.o(.text)
    _printf_str                              0x080002e7   Thumb Code    82  _printf_str.o(.text)
    _printf_int_dec                          0x08000339   Thumb Code   104  _printf_dec.o(.text)
    _printf_int_hex                          0x080003b1   Thumb Code    84  _printf_hex_int.o(.text)
    _printf_longlong_hex                     0x080003b1   Thumb Code     0  _printf_hex_int.o(.text)
    __printf                                 0x08000409   Thumb Code   352  __printf_ss_wp.o(.text)
    memcmp                                   0x08000569   Thumb Code    88  memcmp.o(.text)
    __aeabi_memcpy                           0x080005c1   Thumb Code     0  rt_memcpy_v6.o(.text)
    __rt_memcpy                              0x080005c1   Thumb Code   138  rt_memcpy_v6.o(.text)
    _memcpy_lastbytes                        0x08000627   Thumb Code     0  rt_memcpy_v6.o(.text)
    __aeabi_memclr4                          0x0800064b   Thumb Code     0  rt_memclr_w.o(.text)
    __aeabi_memclr8                          0x0800064b   Thumb Code     0  rt_memclr_w.o(.text)
    __rt_memclr_w                            0x0800064b   Thumb Code    78  rt_memclr_w.o(.text)
    _memset_w                                0x0800064f   Thumb Code     0  rt_memclr_w.o(.text)
    __use_two_region_memory                  0x08000699   Thumb Code     2  heapauxi.o(.text)
    __rt_heap_escrow$2region                 0x0800069b   Thumb Code     2  heapauxi.o(.text)
    __rt_heap_expand$2region                 0x0800069d   Thumb Code     2  heapauxi.o(.text)
    __I$use$semihosting                      0x0800069f   Thumb Code     0  use_no_semi.o(.text)
    __use_no_semihosting_swi                 0x0800069f   Thumb Code     2  use_no_semi.o(.text)
    _printf_int_common                       0x080006a1   Thumb Code   178  _printf_intcommon.o(.text)
    _printf_cs_common                        0x08000753   Thumb Code    20  _printf_char.o(.text)
    _printf_char                             0x08000767   Thumb Code    16  _printf_char.o(.text)
    _printf_string                           0x08000777   Thumb Code     8  _printf_char.o(.text)
    _printf_char_file                        0x08000781   Thumb Code    32  _printf_char_file.o(.text)
    __aeabi_memcpy4                          0x080007a5   Thumb Code     0  rt_memcpy_w.o(.text)
    __aeabi_memcpy8                          0x080007a5   Thumb Code     0  rt_memcpy_w.o(.text)
    __rt_memcpy_w                            0x080007a5   Thumb Code   100  rt_memcpy_w.o(.text)
    _memcpy_lastbytes_aligned                0x080007ed   Thumb Code     0  rt_memcpy_w.o(.text)
    _printf_char_common                      0x08000813   Thumb Code    32  _printf_char_common.o(.text)
    ferror                                   0x08000839   Thumb Code     8  ferror.o(.text)
    __user_setup_stackheap                   0x08000841   Thumb Code    74  sys_stackheap_outer.o(.text)
    exit                                     0x0800088b   Thumb Code    18  exit.o(.text)
    __user_libspace                          0x0800089d   Thumb Code     8  libspace.o(.text)
    __user_perproc_libspace                  0x0800089d   Thumb Code     0  libspace.o(.text)
    __user_perthread_libspace                0x0800089d   Thumb Code     0  libspace.o(.text)
    BusFault_Handler                         0x080008a5   Thumb Code     4  stm32f4xx_it.o(i.BusFault_Handler)
    DebugMon_Handler                         0x080008a9   Thumb Code     2  stm32f4xx_it.o(i.DebugMon_Handler)
    GPIO_Init                                0x080008ab   Thumb Code   144  stm32f4xx_gpio.o(i.GPIO_Init)
    GPIO_PinAFConfig                         0x0800093b   Thumb Code    70  stm32f4xx_gpio.o(i.GPIO_PinAFConfig)
    GPIO_SetBits                             0x08000981   Thumb Code     4  stm32f4xx_gpio.o(i.GPIO_SetBits)
    HardFault_Handler                        0x08000985   Thumb Code     4  stm32f4xx_it.o(i.HardFault_Handler)
    MemManage_Handler                        0x08000989   Thumb Code     4  stm32f4xx_it.o(i.MemManage_Handler)
    NMI_Handler                              0x0800098d   Thumb Code     2  stm32f4xx_it.o(i.NMI_Handler)
    NVIC_Init                                0x08000991   Thumb Code   106  misc.o(i.NVIC_Init)
    NVIC_PriorityGroupConfig                 0x08000a09   Thumb Code    10  misc.o(i.NVIC_PriorityGroupConfig)
    PacketReceive                            0x08000a1d   Thumb Code   102  ethernetif.o(i.PacketReceive)
    PendSV_Handler                           0x08000ae9   Thumb Code     2  stm32f4xx_it.o(i.PendSV_Handler)
    RCC_AHB1PeriphClockCmd                   0x08000aed   Thumb Code    26  stm32f4xx_rcc.o(i.RCC_AHB1PeriphClockCmd)
    RCC_APB1PeriphClockCmd                   0x08000b0d   Thumb Code    26  stm32f4xx_rcc.o(i.RCC_APB1PeriphClockCmd)
    RCC_APB2PeriphClockCmd                   0x08000b2d   Thumb Code    26  stm32f4xx_rcc.o(i.RCC_APB2PeriphClockCmd)
    RCC_APB2PeriphResetCmd                   0x08000b4d   Thumb Code    26  stm32f4xx_rcc.o(i.RCC_APB2PeriphResetCmd)
    RCC_GetClocksFreq                        0x08000b6d   Thumb Code   214  stm32f4xx_rcc.o(i.RCC_GetClocksFreq)
    SPI1_Init                                0x08000c55   Thumb Code   242  spi.o(i.SPI1_Init)
    SPI1_ReadWriteByte                       0x08000d55   Thumb Code    50  spi.o(i.SPI1_ReadWriteByte)
    SPI1_SetSpeed                            0x08000d8d   Thumb Code    36  spi.o(i.SPI1_SetSpeed)
    SPI_Cmd                                  0x08000db5   Thumb Code    24  stm32f4xx_spi.o(i.SPI_Cmd)
    SPI_I2S_GetFlagStatus                    0x08000dcd   Thumb Code    18  stm32f4xx_spi.o(i.SPI_I2S_GetFlagStatus)
    SPI_I2S_ReceiveData                      0x08000ddf   Thumb Code     6  stm32f4xx_spi.o(i.SPI_I2S_ReceiveData)
    SPI_I2S_SendData                         0x08000de5   Thumb Code     4  stm32f4xx_spi.o(i.SPI_I2S_SendData)
    SPI_Init                                 0x08000de9   Thumb Code    60  stm32f4xx_spi.o(i.SPI_Init)
    SVC_Handler                              0x08000e25   Thumb Code     2  stm32f4xx_it.o(i.SVC_Handler)
    SysTick_Handler                          0x08000f15   Thumb Code    12  stm32f4xx_it.o(i.SysTick_Handler)
    SystemInit                               0x08000f25   Thumb Code    88  system_stm32f4xx.o(i.SystemInit)
    USART3_IRQHandler                        0x08000f8d   Thumb Code   122  usart.o(i.USART3_IRQHandler)
    USART_ClearFlag                          0x08001015   Thumb Code    18  stm32f4xx_usart.o(i.USART_ClearFlag)
    USART_Cmd                                0x08001027   Thumb Code    24  stm32f4xx_usart.o(i.USART_Cmd)
    USART_GetITStatus                        0x0800103f   Thumb Code    84  stm32f4xx_usart.o(i.USART_GetITStatus)
    USART_ITConfig                           0x08001093   Thumb Code    74  stm32f4xx_usart.o(i.USART_ITConfig)
    USART_Init                               0x080010dd   Thumb Code   204  stm32f4xx_usart.o(i.USART_Init)
    USART_ReceiveData                        0x080011b1   Thumb Code    10  stm32f4xx_usart.o(i.USART_ReceiveData)
    UsageFault_Handler                       0x080011bb   Thumb Code     4  stm32f4xx_it.o(i.UsageFault_Handler)
    _is_digit                                0x080011bf   Thumb Code    14  __printf_wp.o(i._is_digit)
    _sys_exit                                0x080011cd   Thumb Code     4  usart.o(i._sys_exit)
    enc28j60Init                             0x080011ed   Thumb Code   420  enc28j60.o(i.enc28j60Init)
    enc28j60PacketReceive                    0x080013f9   Thumb Code   188  enc28j60.o(i.enc28j60PacketReceive)
    enc28j60PacketSend                       0x080014b9   Thumb Code   124  enc28j60.o(i.enc28j60PacketSend)
    enc28j60PhyWrite                         0x08001535   Thumb Code    50  enc28j60.o(i.enc28j60PhyWrite)
    enc28j60Read                             0x08001567   Thumb Code    20  enc28j60.o(i.enc28j60Read)
    enc28j60ReadBuffer                       0x0800157d   Thumb Code    48  enc28j60.o(i.enc28j60ReadBuffer)
    enc28j60ReadOp                           0x080015b1   Thumb Code    60  enc28j60.o(i.enc28j60ReadOp)
    enc28j60SetBank                          0x080015f1   Thumb Code    48  enc28j60.o(i.enc28j60SetBank)
    enc28j60Write                            0x08001625   Thumb Code    24  enc28j60.o(i.enc28j60Write)
    enc28j60WriteBuffer                      0x0800163d   Thumb Code    42  enc28j60.o(i.enc28j60WriteBuffer)
    enc28j60WriteOp                          0x0800166d   Thumb Code    52  enc28j60.o(i.enc28j60WriteOp)
    enc28j60clkout                           0x080016a9   Thumb Code    16  enc28j60.o(i.enc28j60clkout)
    etharp_output                            0x08001ba5   Thumb Code   396  etharp.o(i.etharp_output)
    etharp_query                             0x08001ecd   Thumb Code   462  etharp.o(i.etharp_query)
    etharp_request                           0x080022f5   Thumb Code    36  etharp.o(i.etharp_request)
    etharp_tmr                               0x080023c9   Thumb Code   136  etharp.o(i.etharp_tmr)
    ethernet_input                           0x0800259d   Thumb Code   240  etharp.o(i.ethernet_input)
    ethernetif_init                          0x08002709   Thumb Code    82  ethernetif.o(i.ethernetif_init)
    fputc                                    0x080027f5   Thumb Code    24  usart.o(i.fputc)
    icmp_dest_unreach                        0x0800286b   Thumb Code    18  icmp.o(i.icmp_dest_unreach)
    icmp_input                               0x0800287d   Thumb Code   626  icmp.o(i.icmp_input)
    icmp_time_exceeded                       0x08002d51   Thumb Code    18  icmp.o(i.icmp_time_exceeded)
    inet_chksum                              0x08002d63   Thumb Code    20  inet_chksum.o(i.inet_chksum)
    inet_chksum_pbuf                         0x08002d77   Thumb Code    86  inet_chksum.o(i.inet_chksum_pbuf)
    inet_chksum_pseudo                       0x08002dcd   Thumb Code   162  inet_chksum.o(i.inet_chksum_pseudo)
    ip4_addr_isbroadcast                     0x08002e6f   Thumb Code    78  ip_addr.o(i.ip4_addr_isbroadcast)
    ip_frag                                  0x08002ebd   Thumb Code   458  ip_frag.o(i.ip_frag)
    ip_input                                 0x08003199   Thumb Code   548  ip.o(i.ip_input)
    ip_output                                0x080033d5   Thumb Code    96  ip.o(i.ip_output)
    ip_output_if                             0x08003495   Thumb Code   338  ip.o(i.ip_output_if)
    ip_reass                                 0x0800367d   Thumb Code   454  ip_frag.o(i.ip_reass)
    ip_reass_tmr                             0x08003ed1   Thumb Code    48  ip_frag.o(i.ip_reass_tmr)
    ip_route                                 0x08003f05   Thumb Code    92  ip.o(i.ip_route)
    lwip_demo                                0x08004093   Thumb Code    20  lwipdemo.o(i.lwip_demo)
    lwip_htonl                               0x080040a7   Thumb Code    26  def.o(i.lwip_htonl)
    lwip_htons                               0x080040c1   Thumb Code    12  def.o(i.lwip_htons)
    lwip_init                                0x080040cd   Thumb Code    32  init.o(i.lwip_init)
    lwip_init_task                           0x080040ed   Thumb Code    62  lwipdemo.o(i.lwip_init_task)
    lwip_ntohl                               0x08004141   Thumb Code    12  def.o(i.lwip_ntohl)
    lwip_ntohs                               0x0800414d   Thumb Code    12  def.o(i.lwip_ntohs)
    main                                     0x080041b9   Thumb Code   246  main.o(i.main)
    mem_free                                 0x08004451   Thumb Code   190  mem.o(i.mem_free)
    mem_init                                 0x080045bd   Thumb Code    84  mem.o(i.mem_init)
    mem_malloc                               0x08004625   Thumb Code   478  mem.o(i.mem_malloc)
    mem_trim                                 0x08004901   Thumb Code   370  mem.o(i.mem_trim)
    memp_free                                0x08004b09   Thumb Code    86  memp.o(i.memp_free)
    memp_init                                0x08004bd5   Thumb Code   136  memp.o(i.memp_init)
    memp_malloc                              0x08004c71   Thumb Code   198  memp.o(i.memp_malloc)
    mymacinit                                0x08004dd1   Thumb Code    28  enc28j60.o(i.mymacinit)
    netif_add                                0x08004ded   Thumb Code   118  netif.o(i.netif_add)
    netif_init                               0x08004ed1   Thumb Code     2  netif.o(i.netif_init)
    netif_set_addr                           0x08004ed3   Thumb Code    40  netif.o(i.netif_set_addr)
    netif_set_default                        0x08004efd   Thumb Code     6  netif.o(i.netif_set_default)
    netif_set_gw                             0x08004f09   Thumb Code    12  netif.o(i.netif_set_gw)
    netif_set_ipaddr                         0x08004f15   Thumb Code   110  netif.o(i.netif_set_ipaddr)
    netif_set_netmask                        0x08004f8d   Thumb Code    12  netif.o(i.netif_set_netmask)
    netif_set_up                             0x08004f99   Thumb Code    54  netif.o(i.netif_set_up)
    pbuf_alloc                               0x08004fd1   Thumb Code   644  pbuf.o(i.pbuf_alloc)
    pbuf_alloced_custom                      0x080053e1   Thumb Code   140  pbuf.o(i.pbuf_alloced_custom)
    pbuf_cat                                 0x080054dd   Thumb Code   126  pbuf.o(i.pbuf_cat)
    pbuf_clen                                0x08005621   Thumb Code    18  pbuf.o(i.pbuf_clen)
    pbuf_copy                                0x08005635   Thumb Code   314  pbuf.o(i.pbuf_copy)
    pbuf_copy_partial                        0x0800585d   Thumb Code   182  pbuf.o(i.pbuf_copy_partial)
    pbuf_free                                0x080059a5   Thumb Code   244  pbuf.o(i.pbuf_free)
    pbuf_free_ooseq                          0x08005b45   Thumb Code    40  pbuf.o(i.pbuf_free_ooseq)
    pbuf_header                              0x08005b75   Thumb Code   192  pbuf.o(i.pbuf_header)
    pbuf_realloc                             0x08005cc9   Thumb Code   248  pbuf.o(i.pbuf_realloc)
    pbuf_ref                                 0x08005e89   Thumb Code    10  pbuf.o(i.pbuf_ref)
    process_mac                              0x08006045   Thumb Code    20  ethernetif.o(i.process_mac)
    raw_input                                0x0800605d   Thumb Code   102  raw.o(i.raw_input)
    stats_init                               0x080060d1   Thumb Code     2  stats.o(i.stats_init)
    sys_check_timeouts                       0x080060d5   Thumb Code   106  timers.o(i.sys_check_timeouts)
    sys_now                                  0x0800614d   Thumb Code     6  sys_arch.o(i.sys_now)
    sys_timeout                              0x08006159   Thumb Code   174  timers.o(i.sys_timeout)
    sys_timeouts_init                        0x08006299   Thumb Code    36  timers.o(i.sys_timeouts_init)
    tcp_abandon                              0x080062c9   Thumb Code   170  tcp.o(i.tcp_abandon)
    tcp_abort                                0x08006401   Thumb Code    14  tcp.o(i.tcp_abort)
    tcp_accept                               0x0800640f   Thumb Code     4  tcp.o(i.tcp_accept)
    tcp_alloc                                0x0800641d   Thumb Code   204  tcp.o(i.tcp_alloc)
    tcp_bind                                 0x080064fd   Thumb Code   162  tcp.o(i.tcp_bind)
    tcp_close                                0x0800661d   Thumb Code    28  tcp.o(i.tcp_close)
    tcp_eff_send_mss                         0x08006941   Thumb Code    46  tcp.o(i.tcp_eff_send_mss)
    tcp_enqueue_flags                        0x08006971   Thumb Code   460  tcp_out.o(i.tcp_enqueue_flags)
    tcp_fasttmr                              0x08006c3d   Thumb Code   110  tcp.o(i.tcp_fasttmr)
    tcp_init                                 0x08006cb9   Thumb Code     2  tcp.o(i.tcp_init)
    tcp_input                                0x08006cbd   Thumb Code  1796  tcp_in.o(i.tcp_input)
    tcp_keepalive                            0x08007409   Thumb Code   100  tcp_out.o(i.tcp_keepalive)
    tcp_listen_with_backlog                  0x08007645   Thumb Code   218  tcp.o(i.tcp_listen_with_backlog)
    tcp_new                                  0x080077a1   Thumb Code    10  tcp.o(i.tcp_new)
    tcp_next_iss                             0x08007815   Thumb Code    20  tcp.o(i.tcp_next_iss)
    tcp_output                               0x080078c1   Thumb Code   492  tcp_out.o(i.tcp_output)
    tcp_pcb_purge                            0x08007ef5   Thumb Code    72  tcp.o(i.tcp_pcb_purge)
    tcp_pcb_remove                           0x08007f3d   Thumb Code   210  tcp.o(i.tcp_pcb_remove)
    tcp_process_refused_data                 0x08008719   Thumb Code   142  tcp.o(i.tcp_process_refused_data)
    tcp_recv                                 0x08009521   Thumb Code    40  tcp.o(i.tcp_recv)
    tcp_recv_null                            0x080095bd   Thumb Code    46  tcp.o(i.tcp_recv_null)
    tcp_recved                               0x080095ed   Thumb Code   122  tcp.o(i.tcp_recved)
    tcp_rexmit                               0x08009701   Thumb Code    90  tcp_out.o(i.tcp_rexmit)
    tcp_rexmit_fast                          0x0800975b   Thumb Code   112  tcp_out.o(i.tcp_rexmit_fast)
    tcp_rexmit_rto                           0x080097cb   Thumb Code    58  tcp_out.o(i.tcp_rexmit_rto)
    tcp_rst                                  0x08009805   Thumb Code   180  tcp_out.o(i.tcp_rst)
    tcp_seg_copy                             0x0800993d   Thumb Code    36  tcp.o(i.tcp_seg_copy)
    tcp_seg_free                             0x08009961   Thumb Code    26  tcp.o(i.tcp_seg_free)
    tcp_segs_free                            0x0800997b   Thumb Code    24  tcp.o(i.tcp_segs_free)
    tcp_send_empty_ack                       0x08009993   Thumb Code    96  tcp_out.o(i.tcp_send_empty_ack)
    tcp_send_fin                             0x080099f3   Thumb Code    74  tcp_out.o(i.tcp_send_fin)
    tcp_send_pbuf_data_out                   0x08009a3d   Thumb Code    36  lwipdemo.o(i.tcp_send_pbuf_data_out)
    tcp_slowtmr                              0x08009a61   Thumb Code  1420  tcp.o(i.tcp_slowtmr)
    tcp_timer_needed                         0x0800a041   Thumb Code    38  timers.o(i.tcp_timer_needed)
    tcp_tmr                                  0x0800a125   Thumb Code    30  tcp.o(i.tcp_tmr)
    tcp_update_rcv_ann_wnd                   0x0800a149   Thumb Code   102  tcp.o(i.tcp_update_rcv_ann_wnd)
    tcp_write                                0x0800a219   Thumb Code  1518  tcp_out.o(i.tcp_write)
    tcp_zero_window_probe                    0x0800a9e5   Thumb Code   196  tcp_out.o(i.tcp_zero_window_probe)
    tcpserver_init                           0x0800aae5   Thumb Code    40  lwipdemo.o(i.tcpserver_init)
    uart_init                                0x0800ab15   Thumb Code   172  usart.o(i.uart_init)
    udp_init                                 0x0800abc9   Thumb Code     2  udp.o(i.udp_init)
    udp_input                                0x0800abcd   Thumb Code   610  udp.o(i.udp_input)
    _fp_init                                 0x0800aeb5   Thumb Code    10  fpinit.o(x$fpl$fpinit)
    __fplib_config_fpu_vfp                   0x0800aebd   Thumb Code     0  fpinit.o(x$fpl$fpinit)
    __fplib_config_pureend_doubles           0x0800aebd   Thumb Code     0  fpinit.o(x$fpl$fpinit)
    tcp_state_str                            0x0800aee8   Data          44  tcp.o(.constdata)
    tcp_backoff                              0x0800af14   Data          13  tcp.o(.constdata)
    tcp_persist_backoff                      0x0800af21   Data           7  tcp.o(.constdata)
    tcp_pcb_lists                            0x0800af28   Data          16  tcp.o(.constdata)
    ip_addr_any                              0x0800af38   Data           4  ip_addr.o(.constdata)
    ip_addr_broadcast                        0x0800af3c   Data           4  ip_addr.o(.constdata)
    ethbroadcast                             0x0800af40   Data           6  etharp.o(.constdata)
    ethzero                                  0x0800af46   Data           6  etharp.o(.constdata)
    Region$$Table$$Base                      0x0800b088   Number         0  anon$$obj.o(Region$$Table)
    Region$$Table$$Limit                     0x0800b0a8   Number         0  anon$$obj.o(Region$$Table)
    system_tick_num                          0x20000000   Data           4  main.o(.data)
    __stdout                                 0x2000000c   Data           4  usart.o(.data)
    USART_RX_STA                             0x20000010   Data           2  usart.o(.data)
    netif_list                               0x20000030   Data           4  netif.o(.data)
    netif_default                            0x20000034   Data           4  netif.o(.data)
    pbuf_free_ooseq_pending                  0x20000039   Data           1  pbuf.o(.data)
    tcp_ticks                                0x20000044   Data           4  tcp.o(.data)
    tcp_bound_pcbs                           0x20000048   Data           4  tcp.o(.data)
    tcp_listen_pcbs                          0x2000004c   Data           4  tcp.o(.data)
    tcp_active_pcbs                          0x20000050   Data           4  tcp.o(.data)
    tcp_tw_pcbs                              0x20000054   Data           4  tcp.o(.data)
    tcp_tmp_pcb                              0x20000058   Data           4  tcp.o(.data)
    tcp_active_pcbs_changed                  0x2000005c   Data           1  tcp.o(.data)
    tcp_input_pcb                            0x20000080   Data           4  tcp_in.o(.data)
    udp_pcbs                                 0x20000094   Data           4  udp.o(.data)
    current_netif                            0x20000098   Data           4  ip.o(.data)
    current_header                           0x2000009c   Data           4  ip.o(.data)
    current_iphdr_src                        0x200000a0   Data           4  ip.o(.data)
    current_iphdr_dest                       0x200000a4   Data           4  ip.o(.data)
    enc28j60_netif                           0x200000bc   Data          48  lwipdemo.o(.bss)
    USART_RX_BUF                             0x200000ec   Data         200  usart.o(.bss)
    ram_heap                                 0x200001b4   Data       30740  mem.o(.bss)
    lwip_stats                               0x2000c5f4   Data         278  stats.o(.bss)
    __libspace_start                         0x2000d39c   Data          96  libspace.o(.bss)
    __temporary_stack_top$libspace           0x2000d3fc   Data           0  libspace.o(.bss)



==============================================================================

Memory Map of the image

  Image Entry point : 0x08000189

  Load Region LR_IROM1 (Base: 0x08000000, Size: 0x0000b164, Max: 0x00100000, ABSOLUTE)

    Execution Region ER_IROM1 (Base: 0x08000000, Size: 0x0000b0a8, Max: 0x00100000, ABSOLUTE)

    Base Addr    Size         Type   Attr      Idx    E Section Name        Object

    0x08000000   0x00000188   Data   RO          656    RESET               startup_stm32f40_41xxx.o
    0x08000188   0x00000008   Code   RO         3308  * !!!main             c_w.l(__main.o)
    0x08000190   0x00000034   Code   RO         3480    !!!scatter          c_w.l(__scatter.o)
    0x080001c4   0x0000001a   Code   RO         3482    !!handler_copy      c_w.l(__scatter_copy.o)
    0x080001de   0x00000002   PAD
    0x080001e0   0x0000001c   Code   RO         3484    !!handler_zi        c_w.l(__scatter_zi.o)
    0x080001fc   0x00000000   Code   RO         3295    .ARM.Collect$$_printf_percent$$00000000  c_w.l(_printf_percent.o)
    0x080001fc   0x00000006   Code   RO         3294    .ARM.Collect$$_printf_percent$$00000009  c_w.l(_printf_d.o)
    0x08000202   0x00000006   Code   RO         3293    .ARM.Collect$$_printf_percent$$0000000C  c_w.l(_printf_x.o)
    0x08000208   0x00000006   Code   RO         3292    .ARM.Collect$$_printf_percent$$00000014  c_w.l(_printf_s.o)
    0x0800020e   0x00000004   Code   RO         3319    .ARM.Collect$$_printf_percent$$00000017  c_w.l(_printf_percent_end.o)
    0x08000212   0x00000002   Code   RO         3354    .ARM.Collect$$libinit$$00000000  c_w.l(libinit.o)
    0x08000214   0x00000004   Code   RO         3360    .ARM.Collect$$libinit$$00000001  c_w.l(libinit2.o)
    0x08000218   0x00000000   Code   RO         3363    .ARM.Collect$$libinit$$00000004  c_w.l(libinit2.o)
    0x08000218   0x00000000   Code   RO         3366    .ARM.Collect$$libinit$$0000000A  c_w.l(libinit2.o)
    0x08000218   0x00000000   Code   RO         3368    .ARM.Collect$$libinit$$0000000C  c_w.l(libinit2.o)
    0x08000218   0x00000000   Code   RO         3370    .ARM.Collect$$libinit$$0000000E  c_w.l(libinit2.o)
    0x08000218   0x00000000   Code   RO         3373    .ARM.Collect$$libinit$$00000011  c_w.l(libinit2.o)
    0x08000218   0x00000000   Code   RO         3375    .ARM.Collect$$libinit$$00000013  c_w.l(libinit2.o)
    0x08000218   0x00000000   Code   RO         3377    .ARM.Collect$$libinit$$00000015  c_w.l(libinit2.o)
    0x08000218   0x00000000   Code   RO         3379    .ARM.Collect$$libinit$$00000017  c_w.l(libinit2.o)
    0x08000218   0x00000000   Code   RO         3381    .ARM.Collect$$libinit$$00000019  c_w.l(libinit2.o)
    0x08000218   0x00000000   Code   RO         3383    .ARM.Collect$$libinit$$0000001B  c_w.l(libinit2.o)
    0x08000218   0x00000000   Code   RO         3385    .ARM.Collect$$libinit$$0000001D  c_w.l(libinit2.o)
    0x08000218   0x00000000   Code   RO         3387    .ARM.Collect$$libinit$$0000001F  c_w.l(libinit2.o)
    0x08000218   0x00000000   Code   RO         3389    .ARM.Collect$$libinit$$00000021  c_w.l(libinit2.o)
    0x08000218   0x00000000   Code   RO         3391    .ARM.Collect$$libinit$$00000023  c_w.l(libinit2.o)
    0x08000218   0x00000000   Code   RO         3393    .ARM.Collect$$libinit$$00000025  c_w.l(libinit2.o)
    0x08000218   0x00000000   Code   RO         3397    .ARM.Collect$$libinit$$0000002C  c_w.l(libinit2.o)
    0x08000218   0x00000000   Code   RO         3399    .ARM.Collect$$libinit$$0000002E  c_w.l(libinit2.o)
    0x08000218   0x00000000   Code   RO         3401    .ARM.Collect$$libinit$$00000030  c_w.l(libinit2.o)
    0x08000218   0x00000000   Code   RO         3403    .ARM.Collect$$libinit$$00000032  c_w.l(libinit2.o)
    0x08000218   0x00000002   Code   RO         3404    .ARM.Collect$$libinit$$00000033  c_w.l(libinit2.o)
    0x0800021a   0x00000002   Code   RO         3422    .ARM.Collect$$libshutdown$$00000000  c_w.l(libshutdown.o)
    0x0800021c   0x00000000   Code   RO         3432    .ARM.Collect$$libshutdown$$00000002  c_w.l(libshutdown2.o)
    0x0800021c   0x00000000   Code   RO         3434    .ARM.Collect$$libshutdown$$00000004  c_w.l(libshutdown2.o)
    0x0800021c   0x00000000   Code   RO         3437    .ARM.Collect$$libshutdown$$00000007  c_w.l(libshutdown2.o)
    0x0800021c   0x00000000   Code   RO         3440    .ARM.Collect$$libshutdown$$0000000A  c_w.l(libshutdown2.o)
    0x0800021c   0x00000000   Code   RO         3442    .ARM.Collect$$libshutdown$$0000000C  c_w.l(libshutdown2.o)
    0x0800021c   0x00000000   Code   RO         3445    .ARM.Collect$$libshutdown$$0000000F  c_w.l(libshutdown2.o)
    0x0800021c   0x00000002   Code   RO         3446    .ARM.Collect$$libshutdown$$00000010  c_w.l(libshutdown2.o)
    0x0800021e   0x00000000   Code   RO         3312    .ARM.Collect$$rtentry$$00000000  c_w.l(__rtentry.o)
    0x0800021e   0x00000000   Code   RO         3323    .ARM.Collect$$rtentry$$00000002  c_w.l(__rtentry2.o)
    0x0800021e   0x00000006   Code   RO         3335    .ARM.Collect$$rtentry$$00000004  c_w.l(__rtentry4.o)
    0x08000224   0x00000000   Code   RO         3325    .ARM.Collect$$rtentry$$00000009  c_w.l(__rtentry2.o)
    0x08000224   0x00000004   Code   RO         3326    .ARM.Collect$$rtentry$$0000000A  c_w.l(__rtentry2.o)
    0x08000228   0x00000000   Code   RO         3328    .ARM.Collect$$rtentry$$0000000C  c_w.l(__rtentry2.o)
    0x08000228   0x00000008   Code   RO         3329    .ARM.Collect$$rtentry$$0000000D  c_w.l(__rtentry2.o)
    0x08000230   0x00000002   Code   RO         3358    .ARM.Collect$$rtexit$$00000000  c_w.l(rtexit.o)
    0x08000232   0x00000000   Code   RO         3406    .ARM.Collect$$rtexit$$00000002  c_w.l(rtexit2.o)
    0x08000232   0x00000004   Code   RO         3407    .ARM.Collect$$rtexit$$00000003  c_w.l(rtexit2.o)
    0x08000236   0x00000006   Code   RO         3408    .ARM.Collect$$rtexit$$00000004  c_w.l(rtexit2.o)
    0x0800023c   0x00000040   Code   RO          657    .text               startup_stm32f40_41xxx.o
    0x0800027c   0x00000002   Code   RO         3237    .text               c_w.l(use_no_semi_2.o)
    0x0800027e   0x00000002   PAD
    0x08000280   0x00000018   Code   RO         3241    .text               c_w.l(noretval__2printf.o)
    0x08000298   0x0000004e   Code   RO         3245    .text               c_w.l(_printf_pad.o)
    0x080002e6   0x00000052   Code   RO         3247    .text               c_w.l(_printf_str.o)
    0x08000338   0x00000078   Code   RO         3249    .text               c_w.l(_printf_dec.o)
    0x080003b0   0x00000058   Code   RO         3254    .text               c_w.l(_printf_hex_int.o)
    0x08000408   0x00000160   Code   RO         3287    .text               c_w.l(__printf_ss_wp.o)
    0x08000568   0x00000058   Code   RO         3296    .text               c_w.l(memcmp.o)
    0x080005c0   0x0000008a   Code   RO         3300    .text               c_w.l(rt_memcpy_v6.o)
    0x0800064a   0x0000004e   Code   RO         3304    .text               c_w.l(rt_memclr_w.o)
    0x08000698   0x00000006   Code   RO         3306    .text               c_w.l(heapauxi.o)
    0x0800069e   0x00000002   Code   RO         3310    .text               c_w.l(use_no_semi.o)
    0x080006a0   0x000000b2   Code   RO         3313    .text               c_w.l(_printf_intcommon.o)
    0x08000752   0x0000002c   Code   RO         3315    .text               c_w.l(_printf_char.o)
    0x0800077e   0x00000002   PAD
    0x08000780   0x00000024   Code   RO         3317    .text               c_w.l(_printf_char_file.o)
    0x080007a4   0x00000064   Code   RO         3320    .text               c_w.l(rt_memcpy_w.o)
    0x08000808   0x00000030   Code   RO         3337    .text               c_w.l(_printf_char_common.o)
    0x08000838   0x00000008   Code   RO         3339    .text               c_w.l(ferror.o)
    0x08000840   0x0000004a   Code   RO         3343    .text               c_w.l(sys_stackheap_outer.o)
    0x0800088a   0x00000012   Code   RO         3347    .text               c_w.l(exit.o)
    0x0800089c   0x00000008   Code   RO         3355    .text               c_w.l(libspace.o)
    0x080008a4   0x00000004   Code   RO          153    i.BusFault_Handler  stm32f4xx_it.o
    0x080008a8   0x00000002   Code   RO          154    i.DebugMon_Handler  stm32f4xx_it.o
    0x080008aa   0x00000090   Code   RO          708    i.GPIO_Init         stm32f4xx_gpio.o
    0x0800093a   0x00000046   Code   RO          709    i.GPIO_PinAFConfig  stm32f4xx_gpio.o
    0x08000980   0x00000004   Code   RO          716    i.GPIO_SetBits      stm32f4xx_gpio.o
    0x08000984   0x00000004   Code   RO          155    i.HardFault_Handler  stm32f4xx_it.o
    0x08000988   0x00000004   Code   RO          156    i.MemManage_Handler  stm32f4xx_it.o
    0x0800098c   0x00000002   Code   RO          157    i.NMI_Handler       stm32f4xx_it.o
    0x0800098e   0x00000002   PAD
    0x08000990   0x00000078   Code   RO          663    i.NVIC_Init         misc.o
    0x08000a08   0x00000014   Code   RO          664    i.NVIC_PriorityGroupConfig  misc.o
    0x08000a1c   0x00000098   Code   RO         3161    i.PacketReceive     ethernetif.o
    0x08000ab4   0x00000034   Code   RO         3162    i.PacketSend        ethernetif.o
    0x08000ae8   0x00000002   Code   RO          158    i.PendSV_Handler    stm32f4xx_it.o
    0x08000aea   0x00000002   PAD
    0x08000aec   0x00000020   Code   RO          805    i.RCC_AHB1PeriphClockCmd  stm32f4xx_rcc.o
    0x08000b0c   0x00000020   Code   RO          814    i.RCC_APB1PeriphClockCmd  stm32f4xx_rcc.o
    0x08000b2c   0x00000020   Code   RO          817    i.RCC_APB2PeriphClockCmd  stm32f4xx_rcc.o
    0x08000b4c   0x00000020   Code   RO          819    i.RCC_APB2PeriphResetCmd  stm32f4xx_rcc.o
    0x08000b6c   0x000000e8   Code   RO          826    i.RCC_GetClocksFreq  stm32f4xx_rcc.o
    0x08000c54   0x00000100   Code   RO          517    i.SPI1_Init         spi.o
    0x08000d54   0x00000038   Code   RO          518    i.SPI1_ReadWriteByte  spi.o
    0x08000d8c   0x00000028   Code   RO          519    i.SPI1_SetSpeed     spi.o
    0x08000db4   0x00000018   Code   RO         1582    i.SPI_Cmd           stm32f4xx_spi.o
    0x08000dcc   0x00000012   Code   RO         1590    i.SPI_I2S_GetFlagStatus  stm32f4xx_spi.o
    0x08000dde   0x00000006   Code   RO         1593    i.SPI_I2S_ReceiveData  stm32f4xx_spi.o
    0x08000de4   0x00000004   Code   RO         1594    i.SPI_I2S_SendData  stm32f4xx_spi.o
    0x08000de8   0x0000003c   Code   RO         1595    i.SPI_Init          stm32f4xx_spi.o
    0x08000e24   0x00000002   Code   RO          159    i.SVC_Handler       stm32f4xx_it.o
    0x08000e26   0x00000002   PAD
    0x08000e28   0x000000ec   Code   RO          251    i.SetSysClock       system_stm32f4xx.o
    0x08000f14   0x00000010   Code   RO          160    i.SysTick_Handler   stm32f4xx_it.o
    0x08000f24   0x00000068   Code   RO          253    i.SystemInit        system_stm32f4xx.o
    0x08000f8c   0x00000088   Code   RO          589    i.USART3_IRQHandler  usart.o
    0x08001014   0x00000012   Code   RO         1195    i.USART_ClearFlag   stm32f4xx_usart.o
    0x08001026   0x00000018   Code   RO         1199    i.USART_Cmd         stm32f4xx_usart.o
    0x0800103e   0x00000054   Code   RO         1203    i.USART_GetITStatus  stm32f4xx_usart.o
    0x08001092   0x0000004a   Code   RO         1205    i.USART_ITConfig    stm32f4xx_usart.o
    0x080010dc   0x000000d4   Code   RO         1206    i.USART_Init        stm32f4xx_usart.o
    0x080011b0   0x0000000a   Code   RO         1213    i.USART_ReceiveData  stm32f4xx_usart.o
    0x080011ba   0x00000004   Code   RO          161    i.UsageFault_Handler  stm32f4xx_it.o
    0x080011be   0x0000000e   Code   RO         3282    i._is_digit         c_w.l(__printf_wp.o)
    0x080011cc   0x00000004   Code   RO          590    i._sys_exit         usart.o
    0x080011d0   0x0000001c   Code   RO         2672    i.arp_timer         timers.o
    0x080011ec   0x0000020c   Code   RO          417    i.enc28j60Init      enc28j60.o
    0x080013f8   0x000000c0   Code   RO          418    i.enc28j60PacketReceive  enc28j60.o
    0x080014b8   0x0000007c   Code   RO          419    i.enc28j60PacketSend  enc28j60.o
    0x08001534   0x00000032   Code   RO          420    i.enc28j60PhyWrite  enc28j60.o
    0x08001566   0x00000014   Code   RO          421    i.enc28j60Read      enc28j60.o
    0x0800157a   0x00000002   PAD
    0x0800157c   0x00000034   Code   RO          422    i.enc28j60ReadBuffer  enc28j60.o
    0x080015b0   0x00000040   Code   RO          423    i.enc28j60ReadOp    enc28j60.o
    0x080015f0   0x00000034   Code   RO          424    i.enc28j60SetBank   enc28j60.o
    0x08001624   0x00000018   Code   RO          425    i.enc28j60Write     enc28j60.o
    0x0800163c   0x00000030   Code   RO          426    i.enc28j60WriteBuffer  enc28j60.o
    0x0800166c   0x0000003c   Code   RO          427    i.enc28j60WriteOp   enc28j60.o
    0x080016a8   0x00000010   Code   RO          428    i.enc28j60clkout    enc28j60.o
    0x080016b8   0x000001dc   Code   RO         3067    i.etharp_arp_input  etharp.o
    0x08001894   0x000002d0   Code   RO         3070    i.etharp_find_entry  etharp.o
    0x08001b64   0x00000040   Code   RO         3071    i.etharp_free_entry  etharp.o
    0x08001ba4   0x00000218   Code   RO         3072    i.etharp_output     etharp.o
    0x08001dbc   0x00000110   Code   RO         3073    i.etharp_output_to_arp_index  etharp.o
    0x08001ecc   0x0000027c   Code   RO         3074    i.etharp_query      etharp.o
    0x08002148   0x000001ac   Code   RO         3075    i.etharp_raw        etharp.o
    0x080022f4   0x0000002c   Code   RO         3076    i.etharp_request    etharp.o
    0x08002320   0x000000a8   Code   RO         3077    i.etharp_send_ip    etharp.o
    0x080023c8   0x0000008c   Code   RO         3078    i.etharp_tmr        etharp.o
    0x08002454   0x00000148   Code   RO         3079    i.etharp_update_arp_entry  etharp.o
    0x0800259c   0x0000016c   Code   RO         3080    i.ethernet_input    etharp.o
    0x08002708   0x000000c0   Code   RO         3163    i.ethernetif_init   ethernetif.o
    0x080027c8   0x0000002c   Code   RO         3164    i.ethernetif_input  ethernetif.o
    0x080027f4   0x0000001c   Code   RO          591    i.fputc             usart.o
    0x08002810   0x00000018   Code   RO          286    i.http_accept       lwipdemo.o
    0x08002828   0x00000042   Code   RO          287    i.http_recv         lwipdemo.o
    0x0800286a   0x00000012   Code   RO         2823    i.icmp_dest_unreach  icmp.o
    0x0800287c   0x000003bc   Code   RO         2824    i.icmp_input        icmp.o
    0x08002c38   0x00000118   Code   RO         2825    i.icmp_send_response  icmp.o
    0x08002d50   0x00000012   Code   RO         2826    i.icmp_time_exceeded  icmp.o
    0x08002d62   0x00000014   Code   RO         2871    i.inet_chksum       inet_chksum.o
    0x08002d76   0x00000056   Code   RO         2872    i.inet_chksum_pbuf  inet_chksum.o
    0x08002dcc   0x000000a2   Code   RO         2873    i.inet_chksum_pseudo  inet_chksum.o
    0x08002e6e   0x0000004e   Code   RO         2948    i.ip4_addr_isbroadcast  ip_addr.o
    0x08002ebc   0x00000248   Code   RO         3001    i.ip_frag           ip_frag.o
    0x08003104   0x0000000a   Code   RO         3002    i.ip_frag_alloc_pbuf_custom_ref  ip_frag.o
    0x0800310e   0x00000002   PAD
    0x08003110   0x00000088   Code   RO         3003    i.ip_frag_free_pbuf_custom_ref  ip_frag.o
    0x08003198   0x0000023c   Code   RO         2909    i.ip_input          ip.o
    0x080033d4   0x000000c0   Code   RO         2910    i.ip_output         ip.o
    0x08003494   0x000001e8   Code   RO         2911    i.ip_output_if      ip.o
    0x0800367c   0x000001d4   Code   RO         3004    i.ip_reass          ip_frag.o
    0x08003850   0x0000030c   Code   RO         3005    i.ip_reass_chain_frag_into_datagram_and_validate  ip_frag.o
    0x08003b5c   0x000000b0   Code   RO         3006    i.ip_reass_dequeue_datagram  ip_frag.o
    0x08003c0c   0x00000064   Code   RO         3007    i.ip_reass_enqueue_new_datagram  ip_frag.o
    0x08003c70   0x000001c8   Code   RO         3008    i.ip_reass_free_complete_datagram  ip_frag.o
    0x08003e38   0x0000007c   Code   RO         3009    i.ip_reass_remove_oldest_datagram  ip_frag.o
    0x08003eb4   0x0000001c   Code   RO         2673    i.ip_reass_timer    timers.o
    0x08003ed0   0x00000034   Code   RO         3010    i.ip_reass_tmr      ip_frag.o
    0x08003f04   0x00000068   Code   RO         2912    i.ip_route          ip.o
    0x08003f6c   0x000000b8   Code   RO         3011    i.ipfrag_free_pbuf_custom  ip_frag.o
    0x08004024   0x00000054   Code   RO         3165    i.low_level_init    ethernetif.o
    0x08004078   0x0000000c   Code   RO         3166    i.low_level_input   ethernetif.o
    0x08004084   0x0000000e   Code   RO         3167    i.low_level_output  ethernetif.o
    0x08004092   0x00000014   Code   RO          288    i.lwip_demo         lwipdemo.o
    0x080040a6   0x0000001a   Code   RO         1757    i.lwip_htonl        def.o
    0x080040c0   0x0000000c   Code   RO         1758    i.lwip_htons        def.o
    0x080040cc   0x00000020   Code   RO         1799    i.lwip_init         init.o
    0x080040ec   0x00000054   Code   RO          289    i.lwip_init_task    lwipdemo.o
    0x08004140   0x0000000c   Code   RO         1759    i.lwip_ntohl        def.o
    0x0800414c   0x0000000c   Code   RO         1760    i.lwip_ntohs        def.o
    0x08004158   0x0000005e   Code   RO         2875    i.lwip_standard_chksum  inet_chksum.o
    0x080041b6   0x00000002   PAD
    0x080041b8   0x00000298   Code   RO            3    i.main              main.o
    0x08004450   0x0000016c   Code   RO         1868    i.mem_free          mem.o
    0x080045bc   0x00000068   Code   RO         1869    i.mem_init          mem.o
    0x08004624   0x000002dc   Code   RO         1870    i.mem_malloc        mem.o
    0x08004900   0x00000208   Code   RO         1871    i.mem_trim          mem.o
    0x08004b08   0x000000cc   Code   RO         1915    i.memp_free         memp.o
    0x08004bd4   0x0000009c   Code   RO         1916    i.memp_init         memp.o
    0x08004c70   0x00000160   Code   RO         1917    i.memp_malloc       memp.o
    0x08004dd0   0x0000001c   Code   RO          430    i.mymacinit         enc28j60.o
    0x08004dec   0x000000e4   Code   RO         1957    i.netif_add         netif.o
    0x08004ed0   0x00000002   Code   RO         1959    i.netif_init        netif.o
    0x08004ed2   0x00000028   Code   RO         1961    i.netif_set_addr    netif.o
    0x08004efa   0x00000002   PAD
    0x08004efc   0x0000000c   Code   RO         1962    i.netif_set_default  netif.o
    0x08004f08   0x0000000c   Code   RO         1964    i.netif_set_gw      netif.o
    0x08004f14   0x00000078   Code   RO         1965    i.netif_set_ipaddr  netif.o
    0x08004f8c   0x0000000c   Code   RO         1968    i.netif_set_netmask  netif.o
    0x08004f98   0x00000036   Code   RO         1969    i.netif_set_up      netif.o
    0x08004fce   0x00000002   PAD
    0x08004fd0   0x00000410   Code   RO         2054    i.pbuf_alloc        pbuf.o
    0x080053e0   0x000000fc   Code   RO         2055    i.pbuf_alloced_custom  pbuf.o
    0x080054dc   0x00000144   Code   RO         2056    i.pbuf_cat          pbuf.o
    0x08005620   0x00000012   Code   RO         2058    i.pbuf_clen         pbuf.o
    0x08005632   0x00000002   PAD
    0x08005634   0x00000228   Code   RO         2060    i.pbuf_copy         pbuf.o
    0x0800585c   0x00000148   Code   RO         2061    i.pbuf_copy_partial  pbuf.o
    0x080059a4   0x000001a0   Code   RO         2063    i.pbuf_free         pbuf.o
    0x08005b44   0x00000030   Code   RO         2064    i.pbuf_free_ooseq   pbuf.o
    0x08005b74   0x00000148   Code   RO         2066    i.pbuf_header       pbuf.o
    0x08005cbc   0x0000000c   Code   RO         2069    i.pbuf_pool_is_empty  pbuf.o
    0x08005cc8   0x000001c0   Code   RO         2070    i.pbuf_realloc      pbuf.o
    0x08005e88   0x0000000a   Code   RO         2071    i.pbuf_ref          pbuf.o
    0x08005e92   0x00000002   PAD
    0x08005e94   0x000001b0   Code   RO         1872    i.plug_holes        mem.o
    0x08006044   0x00000018   Code   RO         3168    i.process_mac       ethernetif.o
    0x0800605c   0x00000074   Code   RO         2205    i.raw_input         raw.o
    0x080060d0   0x00000002   Code   RO         2259    i.stats_init        stats.o
    0x080060d2   0x00000002   PAD
    0x080060d4   0x00000078   Code   RO         2674    i.sys_check_timeouts  timers.o
    0x0800614c   0x0000000c   Code   RO         1738    i.sys_now           sys_arch.o
    0x08006158   0x00000140   Code   RO         2676    i.sys_timeout       timers.o
    0x08006298   0x00000030   Code   RO         2677    i.sys_timeouts_init  timers.o
    0x080062c8   0x00000138   Code   RO         2283    i.tcp_abandon       tcp.o
    0x08006400   0x0000000e   Code   RO         2284    i.tcp_abort         tcp.o
    0x0800640e   0x00000004   Code   RO         2285    i.tcp_accept        tcp.o
    0x08006412   0x00000008   Code   RO         2286    i.tcp_accept_null   tcp.o
    0x0800641a   0x00000002   PAD
    0x0800641c   0x000000e0   Code   RO         2287    i.tcp_alloc         tcp.o
    0x080064fc   0x00000120   Code   RO         2289    i.tcp_bind          tcp.o
    0x0800661c   0x0000001c   Code   RO         2290    i.tcp_close         tcp.o
    0x08006638   0x00000248   Code   RO         2291    i.tcp_close_shutdown  tcp.o
    0x08006880   0x000000c0   Code   RO         2574    i.tcp_create_segment  tcp_out.o
    0x08006940   0x0000002e   Code   RO         2294    i.tcp_eff_send_mss  tcp.o
    0x0800696e   0x00000002   PAD
    0x08006970   0x000002cc   Code   RO         2575    i.tcp_enqueue_flags  tcp_out.o
    0x08006c3c   0x0000007c   Code   RO         2296    i.tcp_fasttmr       tcp.o
    0x08006cb8   0x00000002   Code   RO         2297    i.tcp_init          tcp.o
    0x08006cba   0x00000002   PAD
    0x08006cbc   0x0000074c   Code   RO         2518    i.tcp_input         tcp_in.o
    0x08007408   0x00000068   Code   RO         2576    i.tcp_keepalive     tcp_out.o
    0x08007470   0x00000054   Code   RO         2298    i.tcp_kill_prio     tcp.o
    0x080074c4   0x0000003c   Code   RO         2299    i.tcp_kill_timewait  tcp.o
    0x08007500   0x00000144   Code   RO         2519    i.tcp_listen_input  tcp_in.o
    0x08007644   0x0000015c   Code   RO         2300    i.tcp_listen_with_backlog  tcp.o
    0x080077a0   0x0000000a   Code   RO         2301    i.tcp_new           tcp.o
    0x080077aa   0x00000002   PAD
    0x080077ac   0x00000068   Code   RO         2302    i.tcp_new_port      tcp.o
    0x08007814   0x0000001c   Code   RO         2303    i.tcp_next_iss      tcp.o
    0x08007830   0x00000090   Code   RO         2520    i.tcp_oos_insert_segment  tcp_in.o
    0x080078c0   0x00000280   Code   RO         2577    i.tcp_output        tcp_out.o
    0x08007b40   0x00000114   Code   RO         2578    i.tcp_output_alloc_header  tcp_out.o
    0x08007c54   0x000000f8   Code   RO         2579    i.tcp_output_segment  tcp_out.o
    0x08007d4c   0x000000b4   Code   RO         2521    i.tcp_parseopt      tcp_in.o
    0x08007e00   0x000000f4   Code   RO         2580    i.tcp_pbuf_prealloc  tcp_out.o
    0x08007ef4   0x00000048   Code   RO         2304    i.tcp_pcb_purge     tcp.o
    0x08007f3c   0x00000170   Code   RO         2305    i.tcp_pcb_remove    tcp.o
    0x080080ac   0x0000066c   Code   RO         2522    i.tcp_process       tcp_in.o
    0x08008718   0x0000008e   Code   RO         2307    i.tcp_process_refused_data  tcp.o
    0x080087a6   0x00000002   PAD
    0x080087a8   0x00000d78   Code   RO         2523    i.tcp_receive       tcp_in.o
    0x08009520   0x0000009c   Code   RO         2308    i.tcp_recv          tcp.o
    0x080095bc   0x0000002e   Code   RO         2309    i.tcp_recv_null     tcp.o
    0x080095ea   0x00000002   PAD
    0x080095ec   0x00000114   Code   RO         2310    i.tcp_recved        tcp.o
    0x08009700   0x0000005a   Code   RO         2581    i.tcp_rexmit        tcp_out.o
    0x0800975a   0x00000070   Code   RO         2582    i.tcp_rexmit_fast   tcp_out.o
    0x080097ca   0x0000003a   Code   RO         2583    i.tcp_rexmit_rto    tcp_out.o
    0x08009804   0x00000138   Code   RO         2584    i.tcp_rst           tcp_out.o
    0x0800993c   0x00000024   Code   RO         2311    i.tcp_seg_copy      tcp.o
    0x08009960   0x0000001a   Code   RO         2312    i.tcp_seg_free      tcp.o
    0x0800997a   0x00000018   Code   RO         2313    i.tcp_segs_free     tcp.o
    0x08009992   0x00000060   Code   RO         2585    i.tcp_send_empty_ack  tcp_out.o
    0x080099f2   0x0000004a   Code   RO         2586    i.tcp_send_fin      tcp_out.o
    0x08009a3c   0x00000024   Code   RO          290    i.tcp_send_pbuf_data_out  lwipdemo.o
    0x08009a60   0x000005e0   Code   RO         2317    i.tcp_slowtmr       tcp.o
    0x0800a040   0x00000038   Code   RO         2679    i.tcp_timer_needed  timers.o
    0x0800a078   0x000000ac   Code   RO         2524    i.tcp_timewait_input  tcp_in.o
    0x0800a124   0x00000024   Code   RO         2318    i.tcp_tmr           tcp.o
    0x0800a148   0x000000d0   Code   RO         2319    i.tcp_update_rcv_ann_wnd  tcp.o
    0x0800a218   0x0000064c   Code   RO         2587    i.tcp_write         tcp_out.o
    0x0800a864   0x00000180   Code   RO         2588    i.tcp_write_checks  tcp_out.o
    0x0800a9e4   0x000000c8   Code   RO         2589    i.tcp_zero_window_probe  tcp_out.o
    0x0800aaac   0x00000038   Code   RO         2680    i.tcpip_tcp_timer   timers.o
    0x0800aae4   0x00000030   Code   RO          291    i.tcpserver_init    lwipdemo.o
    0x0800ab14   0x000000b4   Code   RO          592    i.uart_init         usart.o
    0x0800abc8   0x00000002   Code   RO         2737    i.udp_init          udp.o
    0x0800abca   0x00000002   PAD
    0x0800abcc   0x000002e8   Code   RO         2738    i.udp_input         udp.o
    0x0800aeb4   0x0000000a   Code   RO         3414    x$fpl$fpinit        fz_wm.l(fpinit.o)
    0x0800aebe   0x00000028   Data   RO         1919    .constdata          memp.o
    0x0800aee6   0x00000002   PAD
    0x0800aee8   0x00000050   Data   RO         2320    .constdata          tcp.o
    0x0800af38   0x00000008   Data   RO         2955    .constdata          ip_addr.o
    0x0800af40   0x0000000c   Data   RO         3082    .constdata          etharp.o
    0x0800af4c   0x00000028   Data   RO         3255    .constdata          c_w.l(_printf_hex_int.o)
    0x0800af74   0x00000075   Data   RO         2321    .conststring        tcp.o
    0x0800afe9   0x00000003   PAD
    0x0800afec   0x00000055   Data   RO         2590    .conststring        tcp_out.o
    0x0800b041   0x00000003   PAD
    0x0800b044   0x00000044   Data   RO         3083    .conststring        etharp.o
    0x0800b088   0x00000020   Data   RO         3478    Region$$Table       anon$$obj.o


    Execution Region RW_IRAM1 (Base: 0x20000000, Size: 0x0000da00, Max: 0x00020000, ABSOLUTE)

    Base Addr    Size         Type   Attr      Idx    E Section Name        Object

    0x20000000   0x00000004   Data   RW            4    .data               main.o
    0x20000004   0x00000008   Data   RW          431    .data               enc28j60.o
    0x2000000c   0x00000006   Data   RW          594    .data               usart.o
    0x20000012   0x00000010   Data   RW          858    .data               stm32f4xx_rcc.o
    0x20000022   0x00000002   PAD
    0x20000024   0x0000000c   Data   RW         1874    .data               mem.o
    0x20000030   0x00000009   Data   RW         1970    .data               netif.o
    0x20000039   0x00000001   Data   RW         2074    .data               pbuf.o
    0x2000003a   0x00000002   PAD
    0x2000003c   0x00000004   Data   RW         2211    .data               raw.o
    0x20000040   0x00000024   Data   RW         2322    .data               tcp.o
    0x20000064   0x00000020   Data   RW         2526    .data               tcp_in.o
    0x20000084   0x0000000c   Data   RW         2681    .data               timers.o
    0x20000090   0x00000008   Data   RW         2746    .data               udp.o
    0x20000098   0x00000012   Data   RW         2913    .data               ip.o
    0x200000aa   0x00000002   PAD
    0x200000ac   0x00000006   Data   RW         3012    .data               ip_frag.o
    0x200000b2   0x00000001   Data   RW         3084    .data               etharp.o
    0x200000b3   0x00000006   Data   RW         3170    .data               ethernetif.o
    0x200000b9   0x00000003   PAD
    0x200000bc   0x00000030   Zero   RW          292    .bss                lwipdemo.o
    0x200000ec   0x000000c8   Zero   RW          593    .bss                usart.o
    0x200001b4   0x00007814   Zero   RW         1873    .bss                mem.o
    0x200079c8   0x00004c2b   Zero   RW         1918    .bss                memp.o
    0x2000c5f3   0x00000001   PAD
    0x2000c5f4   0x00000116   Zero   RW         2260    .bss                stats.o
    0x2000c70a   0x00000002   PAD
    0x2000c70c   0x00000010   Zero   RW         2525    .bss                tcp_in.o
    0x2000c71c   0x000000c8   Zero   RW         3081    .bss                etharp.o
    0x2000c7e4   0x00000bb8   Zero   RW         3169    .bss                ethernetif.o
    0x2000d39c   0x00000060   Zero   RW         3356    .bss                c_w.l(libspace.o)
    0x2000d3fc   0x00000004   PAD
    0x2000d400   0x00000200   Zero   RW          655    HEAP                startup_stm32f40_41xxx.o
    0x2000d600   0x00000400   Zero   RW          654    STACK               startup_stm32f40_41xxx.o


==============================================================================

Image component sizes


      Code (inc. data)   RO Data    RW Data    ZI Data      Debug   Object Name

        62          0          0          0          0       2164   def.o
      1254        134          0          8          0       8727   enc28j60.o
      4176       1298         80          1        200      13341   etharp.o
       574        174          0          6       3000       6013   ethernetif.o
      1272        460          0          0          0       3782   icmp.o
         0          0          0          0          0       3800   inet.o
       362          0          0          0          0       3602   inet_chksum.o
        32          0          0          0          0      14640   init.o
      1356        282          0         18          0       7389   ip.o
        78          0          8          0          0       7062   ip_addr.o
      3070        942          0          6          0      10512   ip_frag.o
       278         34          0          0         48      18404   lwipdemo.o
       664        418          0          4          0     297504   main.o
      2152        812          0         12      30740       5185   mem.o
       712        292         40          0      19499       3942   memp.o
       140         24          0          0          0       1479   misc.o
       480        126          0          9          0       7398   netif.o
      3776       1610          0          1          0      20467   pbuf.o
       116         14          0          4          0       1492   raw.o
       352         24          0          0          0       1821   spi.o
        64         26        392          0       1536        828   startup_stm32f40_41xxx.o
         2          0          0          0        278       3638   stats.o
       218          0          0          0          0       2250   stm32f4xx_gpio.o
        40          4          0          0          0       3918   stm32f4xx_it.o
       360         42          0         16          0       5084   stm32f4xx_rcc.o
       112          0          0          0          0       3390   stm32f4xx_spi.o
       422          8          0          0          0       4716   stm32f4xx_usart.o
        12          6          0          0          0        482   sys_arch.o
       340         32          0          0          0       1425   system_stm32f4xx.o
      5162       1608        197         36          0      29947   tcp.o
      7780       1290          0         32         16      18087   tcp_in.o
      5358       1422         85          0          0      15511   tcp_out.o
       656        218          0         12          0       4538   timers.o
       746        134          0          8          0       3782   udp.o
       348         26          0          6        200       4184   usart.o

    ----------------------------------------------------------------------
     42562      11460        842        188      55520     540504   Object Totals
         0          0         32          0          0          0   (incl. Generated)
        36          0          8          9          3          0   (incl. Padding)

    ----------------------------------------------------------------------

      Code (inc. data)   RO Data    RW Data    ZI Data      Debug   Library Member Name

         8          0          0          0          0         68   __main.o
       352          0          0          0          0         88   __printf_ss_wp.o
        14          0          0          0          0         68   __printf_wp.o
         0          0          0          0          0          0   __rtentry.o
        12          0          0          0          0          0   __rtentry2.o
         6          0          0          0          0          0   __rtentry4.o
        52          8          0          0          0          0   __scatter.o
        26          0          0          0          0          0   __scatter_copy.o
        28          0          0          0          0          0   __scatter_zi.o
        44          0          0          0          0        108   _printf_char.o
        48          6          0          0          0         96   _printf_char_common.o
        36          4          0          0          0         80   _printf_char_file.o
         6          0          0          0          0          0   _printf_d.o
       120         16          0          0          0         92   _printf_dec.o
        88          4         40          0          0         88   _printf_hex_int.o
       178          0          0          0          0         88   _printf_intcommon.o
        78          0          0          0          0        108   _printf_pad.o
         0          0          0          0          0          0   _printf_percent.o
         4          0          0          0          0          0   _printf_percent_end.o
         6          0          0          0          0          0   _printf_s.o
        82          0          0          0          0         80   _printf_str.o
         6          0          0          0          0          0   _printf_x.o
        18          0          0          0          0         80   exit.o
         8          0          0          0          0         68   ferror.o
         6          0          0          0          0        152   heapauxi.o
         2          0          0          0          0          0   libinit.o
         6          0          0          0          0          0   libinit2.o
         2          0          0          0          0          0   libshutdown.o
         2          0          0          0          0          0   libshutdown2.o
         8          4          0          0         96         68   libspace.o
        88          0          0          0          0         76   memcmp.o
        24          4          0          0          0         84   noretval__2printf.o
        78          0          0          0          0         80   rt_memclr_w.o
       138          0          0          0          0         68   rt_memcpy_v6.o
       100          0          0          0          0         80   rt_memcpy_w.o
         2          0          0          0          0          0   rtexit.o
        10          0          0          0          0          0   rtexit2.o
        74          0          0          0          0         80   sys_stackheap_outer.o
         2          0          0          0          0         68   use_no_semi.o
         2          0          0          0          0         68   use_no_semi_2.o
        10          0          0          0          0        116   fpinit.o

    ----------------------------------------------------------------------
      1780         46         40          0        100       2052   Library Totals
         6          0          0          0          4          0   (incl. Padding)

    ----------------------------------------------------------------------

      Code (inc. data)   RO Data    RW Data    ZI Data      Debug   Library Name

      1764         46         40          0         96       1936   c_w.l
        10          0          0          0          0        116   fz_wm.l

    ----------------------------------------------------------------------
      1780         46         40          0        100       2052   Library Totals

    ----------------------------------------------------------------------

==============================================================================


      Code (inc. data)   RO Data    RW Data    ZI Data      Debug   

     44342      11506        882        188      55620     522168   Grand Totals
     44342      11506        882        188      55620     522168   ELF Image Totals
     44342      11506        882        188          0          0   ROM Totals

==============================================================================

    Total RO  Size (Code + RO Data)                45224 (  44.16kB)
    Total RW  Size (RW Data + ZI Data)             55808 (  54.50kB)
    Total ROM Size (Code + RO Data + RW Data)      45412 (  44.35kB)

==============================================================================

